Archive member included to satisfy reference by file (symbol)

c:/program files (x86)/atmel/studio/7.0/toolchain/avr8/avr8-gnu-toolchain/bin/../lib/gcc/avr/4.9.2/avr6\libgcc.a(_udivmodhi4.o)
                              os.o (__udivmodhi4)
c:/program files (x86)/atmel/studio/7.0/toolchain/avr8/avr8-gnu-toolchain/bin/../lib/gcc/avr/4.9.2/avr6\libgcc.a(_exit.o)
                              C:/Program Files (x86)/Atmel/Studio/7.0/Packs/atmel/ATmega_DFP/1.0.98/gcc/dev/atmega2560/avr6/crtatmega2560.o (exit)
c:/program files (x86)/atmel/studio/7.0/toolchain/avr8/avr8-gnu-toolchain/bin/../lib/gcc/avr/4.9.2/avr6\libgcc.a(_tablejump2.o)
                              os.o (__tablejump2__)
c:/program files (x86)/atmel/studio/7.0/toolchain/avr8/avr8-gnu-toolchain/bin/../lib/gcc/avr/4.9.2/avr6\libgcc.a(_copy_data.o)
                              control.o (__do_copy_data)
c:/program files (x86)/atmel/studio/7.0/toolchain/avr8/avr8-gnu-toolchain/bin/../lib/gcc/avr/4.9.2/avr6\libgcc.a(_clear_bss.o)
                              control.o (__do_clear_bss)
c:/program files (x86)/atmel/studio/7.0/toolchain/avr8/avr8-gnu-toolchain/bin/../lib/gcc/avr/4.9.2/avr6\libgcc.a(_umulhisi3.o)
                              os.o (__umulhisi3)

Allocating common symbols
Common symbol       size              file

transmit_lock       0x1               radio/radio.o
SleepQueue          0x20              os.o
portL2_Mutex        0x2               main.o
ReadyQueue          0x20              os.o
DrivePID            0x2               main.o
e2                  0x2               main.o
CurrentSp           0x2               os.o
portL6_Mutex        0x2               main.o
WaitingQueue        0x20              os.o
KernelSp            0x2               os.o
InitPID             0x2               main.o
e1                  0x2               main.o

Discarded input sections

 .data          0x00000000        0x0 C:/Program Files (x86)/Atmel/Studio/7.0/Packs/atmel/ATmega_DFP/1.0.98/gcc/dev/atmega2560/avr6/crtatmega2560.o
 .bss           0x00000000        0x0 C:/Program Files (x86)/Atmel/Studio/7.0/Packs/atmel/ATmega_DFP/1.0.98/gcc/dev/atmega2560/avr6/crtatmega2560.o
 .text          0x00000000        0x0 adc/adc.o
 .data          0x00000000        0x0 adc/adc.o
 .bss           0x00000000        0x0 adc/adc.o
 .text.adc_read
                0x00000000       0x28 adc/adc.o
 .text          0x00000000        0x0 control.o
 .data          0x00000000        0x0 control.o
 .bss           0x00000000        0x0 control.o
 .text.main_b   0x00000000      0x146 control.o
 .bss.packet    0x00000000       0x20 control.o
 .data.roomba_addr
                0x00000000        0x5 control.o
 .data          0x00000000        0x0 cswitch.o
 .bss           0x00000000        0x0 cswitch.o
 .text          0x00000000        0x0 LED_Test.o
 .data          0x00000000        0x0 LED_Test.o
 .bss           0x00000000        0x0 LED_Test.o
 .text.init_LED_PORTL_pin7
                0x00000000        0xc LED_Test.o
 .text.toggle_LED
                0x00000000       0x1a LED_Test.o
 .text          0x00000000        0x0 main.o
 .data          0x00000000        0x0 main.o
 .bss           0x00000000        0x0 main.o
 .text.Idle     0x00000000        0x2 main.o
 .text          0x00000000        0x0 os.o
 .data          0x00000000        0x0 os.o
 .bss           0x00000000        0x0 os.o
 .text.Mutex_Lock
                0x00000000       0x2c os.o
 .text.Mutex_Unlock
                0x00000000       0x2c os.o
 .text.Event_Wait
                0x00000000       0x2c os.o
 .text.Event_Signal
                0x00000000       0x2c os.o
 .text.Task_Sleep
                0x00000000       0x8c os.o
 .text.Task_Suspend
                0x00000000       0x2c os.o
 .text.Task_Resume
                0x00000000       0x2c os.o
 .text.Task_GetArg
                0x00000000       0x12 os.o
 .text          0x00000000        0x0 queue.o
 .data          0x00000000        0x0 queue.o
 .bss           0x00000000        0x0 queue.o
 .text.isFull   0x00000000       0x16 queue.o
 .text.isEmpty  0x00000000       0x14 queue.o
 .text          0x00000000        0x0 radio/radio.o
 .data          0x00000000        0x0 radio/radio.o
 .bss           0x00000000        0x0 radio/radio.o
 .text.send_instruction
                0x00000000       0x42 radio/radio.o
 .text._set_tx_mode
                0x00000000       0x48 radio/radio.o
 .text._config  0x00000000       0x8e radio/radio.o
 .text.Radio_Init
                0x00000000       0x32 radio/radio.o
 .text.Radio_Configure_Rx
                0x00000000      0x12e radio/radio.o
 .text.Radio_Set_Tx_Addr
                0x00000000       0x34 radio/radio.o
 .text.Radio_Configure
                0x00000000       0x5a radio/radio.o
 .text.Radio_Transmit
                0x00000000       0x52 radio/radio.o
 .text.Radio_Receive
                0x00000000       0x60 radio/radio.o
 .text.Radio_Drop_Rate
                0x00000000       0x44 radio/radio.o
 .data.tx_address
                0x00000000        0x5 radio/radio.o
 .text          0x00000000        0x0 radio/spi.o
 .data          0x00000000        0x0 radio/spi.o
 .bss           0x00000000        0x0 radio/spi.o
 .text.SPI_Init
                0x00000000       0x10 radio/spi.o
 .text          0x00000000        0x0 roomba/roomba.o
 .data          0x00000000        0x0 roomba/roomba.o
 .bss           0x00000000        0x0 roomba/roomba.o
 .text.update_leds
                0x00000000       0x56 roomba/roomba.o
 .text.Roomba_UpdateSensorPacket
                0x00000000      0x16c roomba/roomba.o
 .text.Roomba_ChangeState
                0x00000000       0x5a roomba/roomba.o
 .text.Roomba_ConfigPowerLED
                0x00000000        0xe roomba/roomba.o
 .text.Roomba_ConfigStatusLED
                0x00000000        0xa roomba/roomba.o
 .text.Roomba_ConfigSpotLED
                0x00000000        0xa roomba/roomba.o
 .text.Roomba_ConfigCleanLED
                0x00000000        0xa roomba/roomba.o
 .text.Roomba_ConfigMaxLED
                0x00000000        0xa roomba/roomba.o
 .text.Roomba_ConfigDirtDetectLED
                0x00000000        0xa roomba/roomba.o
 .text.Roomba_LoadSong
                0x00000000       0x72 roomba/roomba.o
 .text.Roomba_PlaySong
                0x00000000       0x14 roomba/roomba.o
 .text.Roomba_BumperActivated
                0x00000000        0xe roomba/roomba.o
 .data.state    0x00000000        0x1 roomba/roomba.o
 .data.power_intensity
                0x00000000        0x1 roomba/roomba.o
 .bss.power_colour
                0x00000000        0x1 roomba/roomba.o
 .bss.dd        0x00000000        0x1 roomba/roomba.o
 .bss.max       0x00000000        0x1 roomba/roomba.o
 .bss.clean     0x00000000        0x1 roomba/roomba.o
 .bss.spot      0x00000000        0x1 roomba/roomba.o
 .bss.status    0x00000000        0x1 roomba/roomba.o
 .text          0x00000000        0x0 uart/uart.o
 .data          0x00000000        0x0 uart/uart.o
 .bss           0x00000000        0x0 uart/uart.o
 .text.uart0_getc
                0x00000000       0x3a uart/uart.o
 .text.uart0_peek
                0x00000000       0x34 uart/uart.o
 .text.uart0_puts
                0x00000000       0x1e uart/uart.o
 .text.uart0_puts_p
                0x00000000       0x24 uart/uart.o
 .text.uart0_available
                0x00000000       0x18 uart/uart.o
 .text.uart0_flush
                0x00000000        0xa uart/uart.o
 .text.uart1_init
                0x00000000       0x32 uart/uart.o
 .text.uart1_getc
                0x00000000       0x3a uart/uart.o
 .text.uart1_peek
                0x00000000       0x34 uart/uart.o
 .text.uart1_putc
                0x00000000       0x32 uart/uart.o
 .text.uart1_puts
                0x00000000       0x1e uart/uart.o
 .text.uart1_puts_p
                0x00000000       0x24 uart/uart.o
 .text.uart1_available
                0x00000000       0x18 uart/uart.o
 .text.uart1_flush
                0x00000000        0xa uart/uart.o
 .text.UART_getTail
                0x00000000       0x4a uart/uart.o
 .text.uart_get_byte
                0x00000000       0x14 uart/uart.o
 .text          0x00000000        0x0 c:/program files (x86)/atmel/studio/7.0/toolchain/avr8/avr8-gnu-toolchain/bin/../lib/gcc/avr/4.9.2/avr6\libgcc.a(_udivmodhi4.o)
 .data          0x00000000        0x0 c:/program files (x86)/atmel/studio/7.0/toolchain/avr8/avr8-gnu-toolchain/bin/../lib/gcc/avr/4.9.2/avr6\libgcc.a(_udivmodhi4.o)
 .bss           0x00000000        0x0 c:/program files (x86)/atmel/studio/7.0/toolchain/avr8/avr8-gnu-toolchain/bin/../lib/gcc/avr/4.9.2/avr6\libgcc.a(_udivmodhi4.o)
 .text.libgcc.mul
                0x00000000        0x0 c:/program files (x86)/atmel/studio/7.0/toolchain/avr8/avr8-gnu-toolchain/bin/../lib/gcc/avr/4.9.2/avr6\libgcc.a(_udivmodhi4.o)
 .text.libgcc   0x00000000        0x0 c:/program files (x86)/atmel/studio/7.0/toolchain/avr8/avr8-gnu-toolchain/bin/../lib/gcc/avr/4.9.2/avr6\libgcc.a(_udivmodhi4.o)
 .text.libgcc.prologue
                0x00000000        0x0 c:/program files (x86)/atmel/studio/7.0/toolchain/avr8/avr8-gnu-toolchain/bin/../lib/gcc/avr/4.9.2/avr6\libgcc.a(_udivmodhi4.o)
 .text.libgcc.builtins
                0x00000000        0x0 c:/program files (x86)/atmel/studio/7.0/toolchain/avr8/avr8-gnu-toolchain/bin/../lib/gcc/avr/4.9.2/avr6\libgcc.a(_udivmodhi4.o)
 .text.libgcc.fmul
                0x00000000        0x0 c:/program files (x86)/atmel/studio/7.0/toolchain/avr8/avr8-gnu-toolchain/bin/../lib/gcc/avr/4.9.2/avr6\libgcc.a(_udivmodhi4.o)
 .text.libgcc.fixed
                0x00000000        0x0 c:/program files (x86)/atmel/studio/7.0/toolchain/avr8/avr8-gnu-toolchain/bin/../lib/gcc/avr/4.9.2/avr6\libgcc.a(_udivmodhi4.o)
 .text          0x00000000        0x0 c:/program files (x86)/atmel/studio/7.0/toolchain/avr8/avr8-gnu-toolchain/bin/../lib/gcc/avr/4.9.2/avr6\libgcc.a(_exit.o)
 .data          0x00000000        0x0 c:/program files (x86)/atmel/studio/7.0/toolchain/avr8/avr8-gnu-toolchain/bin/../lib/gcc/avr/4.9.2/avr6\libgcc.a(_exit.o)
 .bss           0x00000000        0x0 c:/program files (x86)/atmel/studio/7.0/toolchain/avr8/avr8-gnu-toolchain/bin/../lib/gcc/avr/4.9.2/avr6\libgcc.a(_exit.o)
 .text.libgcc.mul
                0x00000000        0x0 c:/program files (x86)/atmel/studio/7.0/toolchain/avr8/avr8-gnu-toolchain/bin/../lib/gcc/avr/4.9.2/avr6\libgcc.a(_exit.o)
 .text.libgcc.div
                0x00000000        0x0 c:/program files (x86)/atmel/studio/7.0/toolchain/avr8/avr8-gnu-toolchain/bin/../lib/gcc/avr/4.9.2/avr6\libgcc.a(_exit.o)
 .text.libgcc   0x00000000        0x0 c:/program files (x86)/atmel/studio/7.0/toolchain/avr8/avr8-gnu-toolchain/bin/../lib/gcc/avr/4.9.2/avr6\libgcc.a(_exit.o)
 .text.libgcc.prologue
                0x00000000        0x0 c:/program files (x86)/atmel/studio/7.0/toolchain/avr8/avr8-gnu-toolchain/bin/../lib/gcc/avr/4.9.2/avr6\libgcc.a(_exit.o)
 .text.libgcc.builtins
                0x00000000        0x0 c:/program files (x86)/atmel/studio/7.0/toolchain/avr8/avr8-gnu-toolchain/bin/../lib/gcc/avr/4.9.2/avr6\libgcc.a(_exit.o)
 .text.libgcc.fmul
                0x00000000        0x0 c:/program files (x86)/atmel/studio/7.0/toolchain/avr8/avr8-gnu-toolchain/bin/../lib/gcc/avr/4.9.2/avr6\libgcc.a(_exit.o)
 .text.libgcc.fixed
                0x00000000        0x0 c:/program files (x86)/atmel/studio/7.0/toolchain/avr8/avr8-gnu-toolchain/bin/../lib/gcc/avr/4.9.2/avr6\libgcc.a(_exit.o)
 .text          0x00000000        0x0 c:/program files (x86)/atmel/studio/7.0/toolchain/avr8/avr8-gnu-toolchain/bin/../lib/gcc/avr/4.9.2/avr6\libgcc.a(_tablejump2.o)
 .data          0x00000000        0x0 c:/program files (x86)/atmel/studio/7.0/toolchain/avr8/avr8-gnu-toolchain/bin/../lib/gcc/avr/4.9.2/avr6\libgcc.a(_tablejump2.o)
 .bss           0x00000000        0x0 c:/program files (x86)/atmel/studio/7.0/toolchain/avr8/avr8-gnu-toolchain/bin/../lib/gcc/avr/4.9.2/avr6\libgcc.a(_tablejump2.o)
 .text.libgcc.mul
                0x00000000        0x0 c:/program files (x86)/atmel/studio/7.0/toolchain/avr8/avr8-gnu-toolchain/bin/../lib/gcc/avr/4.9.2/avr6\libgcc.a(_tablejump2.o)
 .text.libgcc.div
                0x00000000        0x0 c:/program files (x86)/atmel/studio/7.0/toolchain/avr8/avr8-gnu-toolchain/bin/../lib/gcc/avr/4.9.2/avr6\libgcc.a(_tablejump2.o)
 .text.libgcc.prologue
                0x00000000        0x0 c:/program files (x86)/atmel/studio/7.0/toolchain/avr8/avr8-gnu-toolchain/bin/../lib/gcc/avr/4.9.2/avr6\libgcc.a(_tablejump2.o)
 .text.libgcc.builtins
                0x00000000        0x0 c:/program files (x86)/atmel/studio/7.0/toolchain/avr8/avr8-gnu-toolchain/bin/../lib/gcc/avr/4.9.2/avr6\libgcc.a(_tablejump2.o)
 .text.libgcc.fmul
                0x00000000        0x0 c:/program files (x86)/atmel/studio/7.0/toolchain/avr8/avr8-gnu-toolchain/bin/../lib/gcc/avr/4.9.2/avr6\libgcc.a(_tablejump2.o)
 .text.libgcc.fixed
                0x00000000        0x0 c:/program files (x86)/atmel/studio/7.0/toolchain/avr8/avr8-gnu-toolchain/bin/../lib/gcc/avr/4.9.2/avr6\libgcc.a(_tablejump2.o)
 .text          0x00000000        0x0 c:/program files (x86)/atmel/studio/7.0/toolchain/avr8/avr8-gnu-toolchain/bin/../lib/gcc/avr/4.9.2/avr6\libgcc.a(_copy_data.o)
 .data          0x00000000        0x0 c:/program files (x86)/atmel/studio/7.0/toolchain/avr8/avr8-gnu-toolchain/bin/../lib/gcc/avr/4.9.2/avr6\libgcc.a(_copy_data.o)
 .bss           0x00000000        0x0 c:/program files (x86)/atmel/studio/7.0/toolchain/avr8/avr8-gnu-toolchain/bin/../lib/gcc/avr/4.9.2/avr6\libgcc.a(_copy_data.o)
 .text.libgcc.mul
                0x00000000        0x0 c:/program files (x86)/atmel/studio/7.0/toolchain/avr8/avr8-gnu-toolchain/bin/../lib/gcc/avr/4.9.2/avr6\libgcc.a(_copy_data.o)
 .text.libgcc.div
                0x00000000        0x0 c:/program files (x86)/atmel/studio/7.0/toolchain/avr8/avr8-gnu-toolchain/bin/../lib/gcc/avr/4.9.2/avr6\libgcc.a(_copy_data.o)
 .text.libgcc   0x00000000        0x0 c:/program files (x86)/atmel/studio/7.0/toolchain/avr8/avr8-gnu-toolchain/bin/../lib/gcc/avr/4.9.2/avr6\libgcc.a(_copy_data.o)
 .text.libgcc.prologue
                0x00000000        0x0 c:/program files (x86)/atmel/studio/7.0/toolchain/avr8/avr8-gnu-toolchain/bin/../lib/gcc/avr/4.9.2/avr6\libgcc.a(_copy_data.o)
 .text.libgcc.builtins
                0x00000000        0x0 c:/program files (x86)/atmel/studio/7.0/toolchain/avr8/avr8-gnu-toolchain/bin/../lib/gcc/avr/4.9.2/avr6\libgcc.a(_copy_data.o)
 .text.libgcc.fmul
                0x00000000        0x0 c:/program files (x86)/atmel/studio/7.0/toolchain/avr8/avr8-gnu-toolchain/bin/../lib/gcc/avr/4.9.2/avr6\libgcc.a(_copy_data.o)
 .text.libgcc.fixed
                0x00000000        0x0 c:/program files (x86)/atmel/studio/7.0/toolchain/avr8/avr8-gnu-toolchain/bin/../lib/gcc/avr/4.9.2/avr6\libgcc.a(_copy_data.o)
 .text          0x00000000        0x0 c:/program files (x86)/atmel/studio/7.0/toolchain/avr8/avr8-gnu-toolchain/bin/../lib/gcc/avr/4.9.2/avr6\libgcc.a(_clear_bss.o)
 .data          0x00000000        0x0 c:/program files (x86)/atmel/studio/7.0/toolchain/avr8/avr8-gnu-toolchain/bin/../lib/gcc/avr/4.9.2/avr6\libgcc.a(_clear_bss.o)
 .bss           0x00000000        0x0 c:/program files (x86)/atmel/studio/7.0/toolchain/avr8/avr8-gnu-toolchain/bin/../lib/gcc/avr/4.9.2/avr6\libgcc.a(_clear_bss.o)
 .text.libgcc.mul
                0x00000000        0x0 c:/program files (x86)/atmel/studio/7.0/toolchain/avr8/avr8-gnu-toolchain/bin/../lib/gcc/avr/4.9.2/avr6\libgcc.a(_clear_bss.o)
 .text.libgcc.div
                0x00000000        0x0 c:/program files (x86)/atmel/studio/7.0/toolchain/avr8/avr8-gnu-toolchain/bin/../lib/gcc/avr/4.9.2/avr6\libgcc.a(_clear_bss.o)
 .text.libgcc   0x00000000        0x0 c:/program files (x86)/atmel/studio/7.0/toolchain/avr8/avr8-gnu-toolchain/bin/../lib/gcc/avr/4.9.2/avr6\libgcc.a(_clear_bss.o)
 .text.libgcc.prologue
                0x00000000        0x0 c:/program files (x86)/atmel/studio/7.0/toolchain/avr8/avr8-gnu-toolchain/bin/../lib/gcc/avr/4.9.2/avr6\libgcc.a(_clear_bss.o)
 .text.libgcc.builtins
                0x00000000        0x0 c:/program files (x86)/atmel/studio/7.0/toolchain/avr8/avr8-gnu-toolchain/bin/../lib/gcc/avr/4.9.2/avr6\libgcc.a(_clear_bss.o)
 .text.libgcc.fmul
                0x00000000        0x0 c:/program files (x86)/atmel/studio/7.0/toolchain/avr8/avr8-gnu-toolchain/bin/../lib/gcc/avr/4.9.2/avr6\libgcc.a(_clear_bss.o)
 .text.libgcc.fixed
                0x00000000        0x0 c:/program files (x86)/atmel/studio/7.0/toolchain/avr8/avr8-gnu-toolchain/bin/../lib/gcc/avr/4.9.2/avr6\libgcc.a(_clear_bss.o)
 .text          0x00000000        0x0 c:/program files (x86)/atmel/studio/7.0/toolchain/avr8/avr8-gnu-toolchain/bin/../lib/gcc/avr/4.9.2/avr6\libgcc.a(_umulhisi3.o)
 .data          0x00000000        0x0 c:/program files (x86)/atmel/studio/7.0/toolchain/avr8/avr8-gnu-toolchain/bin/../lib/gcc/avr/4.9.2/avr6\libgcc.a(_umulhisi3.o)
 .bss           0x00000000        0x0 c:/program files (x86)/atmel/studio/7.0/toolchain/avr8/avr8-gnu-toolchain/bin/../lib/gcc/avr/4.9.2/avr6\libgcc.a(_umulhisi3.o)
 .text.libgcc.mul
                0x00000000       0x1e c:/program files (x86)/atmel/studio/7.0/toolchain/avr8/avr8-gnu-toolchain/bin/../lib/gcc/avr/4.9.2/avr6\libgcc.a(_umulhisi3.o)
 .text.libgcc.div
                0x00000000        0x0 c:/program files (x86)/atmel/studio/7.0/toolchain/avr8/avr8-gnu-toolchain/bin/../lib/gcc/avr/4.9.2/avr6\libgcc.a(_umulhisi3.o)
 .text.libgcc   0x00000000        0x0 c:/program files (x86)/atmel/studio/7.0/toolchain/avr8/avr8-gnu-toolchain/bin/../lib/gcc/avr/4.9.2/avr6\libgcc.a(_umulhisi3.o)
 .text.libgcc.prologue
                0x00000000        0x0 c:/program files (x86)/atmel/studio/7.0/toolchain/avr8/avr8-gnu-toolchain/bin/../lib/gcc/avr/4.9.2/avr6\libgcc.a(_umulhisi3.o)
 .text.libgcc.builtins
                0x00000000        0x0 c:/program files (x86)/atmel/studio/7.0/toolchain/avr8/avr8-gnu-toolchain/bin/../lib/gcc/avr/4.9.2/avr6\libgcc.a(_umulhisi3.o)
 .text.libgcc.fmul
                0x00000000        0x0 c:/program files (x86)/atmel/studio/7.0/toolchain/avr8/avr8-gnu-toolchain/bin/../lib/gcc/avr/4.9.2/avr6\libgcc.a(_umulhisi3.o)
 .text.libgcc.fixed
                0x00000000        0x0 c:/program files (x86)/atmel/studio/7.0/toolchain/avr8/avr8-gnu-toolchain/bin/../lib/gcc/avr/4.9.2/avr6\libgcc.a(_umulhisi3.o)

Memory Configuration

Name             Origin             Length             Attributes
text             0x00000000         0x00100000         xr
data             0x00800200         0x0000fe00         rw !x
eeprom           0x00810000         0x00010000         rw !x
fuse             0x00820000         0x00000400         rw !x
lock             0x00830000         0x00000400         rw !x
signature        0x00840000         0x00000400         rw !x
user_signatures  0x00850000         0x00000400         rw !x
*default*        0x00000000         0xffffffff

Linker script and memory map

Address of section .data set to 0x800200
LOAD C:/Program Files (x86)/Atmel/Studio/7.0/Packs/atmel/ATmega_DFP/1.0.98/gcc/dev/atmega2560/avr6/crtatmega2560.o
LOAD adc/adc.o
LOAD control.o
LOAD cswitch.o
LOAD LED_Test.o
LOAD main.o
LOAD os.o
LOAD queue.o
LOAD radio/radio.o
LOAD radio/spi.o
LOAD roomba/roomba.o
LOAD uart/uart.o
START GROUP
LOAD c:/program files (x86)/atmel/studio/7.0/toolchain/avr8/avr8-gnu-toolchain/bin/../lib/gcc/avr/4.9.2/../../../../avr/lib/avr6\libm.a
END GROUP
START GROUP
LOAD c:/program files (x86)/atmel/studio/7.0/toolchain/avr8/avr8-gnu-toolchain/bin/../lib/gcc/avr/4.9.2/avr6\libgcc.a
LOAD c:/program files (x86)/atmel/studio/7.0/toolchain/avr8/avr8-gnu-toolchain/bin/../lib/gcc/avr/4.9.2/../../../../avr/lib/avr6\libm.a
LOAD c:/program files (x86)/atmel/studio/7.0/toolchain/avr8/avr8-gnu-toolchain/bin/../lib/gcc/avr/4.9.2/../../../../avr/lib/avr6\libc.a
LOAD C:/Program Files (x86)/Atmel/Studio/7.0/Packs/atmel/ATmega_DFP/1.0.98/gcc/dev/atmega2560/avr6\libatmega2560.a
END GROUP

.hash
 *(.hash)

.dynsym
 *(.dynsym)

.dynstr
 *(.dynstr)

.gnu.version
 *(.gnu.version)

.gnu.version_d
 *(.gnu.version_d)

.gnu.version_r
 *(.gnu.version_r)

.rel.init
 *(.rel.init)

.rela.init
 *(.rela.init)

.rel.text
 *(.rel.text)
 *(.rel.text.*)
 *(.rel.gnu.linkonce.t*)

.rela.text
 *(.rela.text)
 *(.rela.text.*)
 *(.rela.gnu.linkonce.t*)

.rel.fini
 *(.rel.fini)

.rela.fini
 *(.rela.fini)

.rel.rodata
 *(.rel.rodata)
 *(.rel.rodata.*)
 *(.rel.gnu.linkonce.r*)

.rela.rodata
 *(.rela.rodata)
 *(.rela.rodata.*)
 *(.rela.gnu.linkonce.r*)

.rel.data
 *(.rel.data)
 *(.rel.data.*)
 *(.rel.gnu.linkonce.d*)

.rela.data
 *(.rela.data)
 *(.rela.data.*)
 *(.rela.gnu.linkonce.d*)

.rel.ctors
 *(.rel.ctors)

.rela.ctors
 *(.rela.ctors)

.rel.dtors
 *(.rel.dtors)

.rela.dtors
 *(.rela.dtors)

.rel.got
 *(.rel.got)

.rela.got
 *(.rela.got)

.rel.bss
 *(.rel.bss)

.rela.bss
 *(.rela.bss)

.rel.plt
 *(.rel.plt)

.rela.plt
 *(.rela.plt)

.text           0x00000000     0x1d8e
 *(.vectors)
 .vectors       0x00000000       0xe4 C:/Program Files (x86)/Atmel/Studio/7.0/Packs/atmel/ATmega_DFP/1.0.98/gcc/dev/atmega2560/avr6/crtatmega2560.o
                0x00000000                __vector_default
                0x00000000                __vectors
 *(.vectors)
 *(.progmem.gcc*)
 .progmem.gcc_sw_table.OS_Start
                0x000000e4       0x1a os.o
                0x000000fe                . = ALIGN (0x2)
                0x000000fe                __trampolines_start = .
 *(.trampolines)
 .trampolines   0x000000fe        0x0 linker stubs
 *(.trampolines*)
                0x000000fe                __trampolines_end = .
 *(.progmem*)
                0x000000fe                . = ALIGN (0x2)
 *(.jumptables)
 *(.jumptables*)
 *(.lowtext)
 *(.lowtext*)
                0x000000fe                __ctors_start = .
 *(.ctors)
                0x000000fe                __ctors_end = .
                0x000000fe                __dtors_start = .
 *(.dtors)
                0x000000fe                __dtors_end = .
 SORT(*)(.ctors)
 SORT(*)(.dtors)
 *(.init0)
 .init0         0x000000fe        0x0 C:/Program Files (x86)/Atmel/Studio/7.0/Packs/atmel/ATmega_DFP/1.0.98/gcc/dev/atmega2560/avr6/crtatmega2560.o
                0x000000fe                __init
 *(.init0)
 *(.init1)
 *(.init1)
 *(.init2)
 .init2         0x000000fe       0x10 C:/Program Files (x86)/Atmel/Studio/7.0/Packs/atmel/ATmega_DFP/1.0.98/gcc/dev/atmega2560/avr6/crtatmega2560.o
 *(.init2)
 *(.init3)
 *(.init3)
 *(.init4)
 .init4         0x0000010e       0x1a c:/program files (x86)/atmel/studio/7.0/toolchain/avr8/avr8-gnu-toolchain/bin/../lib/gcc/avr/4.9.2/avr6\libgcc.a(_copy_data.o)
                0x0000010e                __do_copy_data
 .init4         0x00000128       0x10 c:/program files (x86)/atmel/studio/7.0/toolchain/avr8/avr8-gnu-toolchain/bin/../lib/gcc/avr/4.9.2/avr6\libgcc.a(_clear_bss.o)
                0x00000128                __do_clear_bss
 *(.init4)
 *(.init5)
 *(.init5)
 *(.init6)
 *(.init6)
 *(.init7)
 *(.init7)
 *(.init8)
 *(.init8)
 *(.init9)
 .init9         0x00000138        0x8 C:/Program Files (x86)/Atmel/Studio/7.0/Packs/atmel/ATmega_DFP/1.0.98/gcc/dev/atmega2560/avr6/crtatmega2560.o
 *(.init9)
 *(.text)
 .text          0x00000140        0x2 C:/Program Files (x86)/Atmel/Studio/7.0/Packs/atmel/ATmega_DFP/1.0.98/gcc/dev/atmega2560/avr6/crtatmega2560.o
                0x00000140                __vector_38
                0x00000140                __vector_22
                0x00000140                __vector_28
                0x00000140                __vector_34
                0x00000140                __vector_24
                0x00000140                __vector_12
                0x00000140                __vector_55
                0x00000140                __vector_46
                0x00000140                __bad_interrupt
                0x00000140                __vector_6
                0x00000140                __vector_31
                0x00000140                __vector_35
                0x00000140                __vector_39
                0x00000140                __vector_3
                0x00000140                __vector_23
                0x00000140                __vector_30
                0x00000140                __vector_45
                0x00000140                __vector_11
                0x00000140                __vector_54
                0x00000140                __vector_13
                0x00000140                __vector_19
                0x00000140                __vector_56
                0x00000140                __vector_7
                0x00000140                __vector_49
                0x00000140                __vector_41
                0x00000140                __vector_43
                0x00000140                __vector_27
                0x00000140                __vector_5
                0x00000140                __vector_33
                0x00000140                __vector_47
                0x00000140                __vector_52
                0x00000140                __vector_4
                0x00000140                __vector_44
                0x00000140                __vector_51
                0x00000140                __vector_9
                0x00000140                __vector_2
                0x00000140                __vector_21
                0x00000140                __vector_15
                0x00000140                __vector_29
                0x00000140                __vector_40
                0x00000140                __vector_8
                0x00000140                __vector_48
                0x00000140                __vector_14
                0x00000140                __vector_53
                0x00000140                __vector_10
                0x00000140                __vector_50
                0x00000140                __vector_16
                0x00000140                __vector_18
                0x00000140                __vector_20
                0x00000140                __vector_42
 .text          0x00000142      0x154 cswitch.o
                0x00000142                Exit_Kernel
                0x00000142                CSwitch
                0x000001ec                Enter_Kernel
                0x00000296                . = ALIGN (0x2)
 *(.text.*)
 .text.adc_init
                0x00000296        0xe adc/adc.o
                0x00000296                adc_init
 .text.radio_rxhandler
                0x000002a4       0x24 control.o
                0x000002a4                radio_rxhandler
 .text.init_LED_PORTL_pin0
                0x000002c8        0xc LED_Test.o
                0x000002c8                init_LED_PORTL_pin0
 .text.init_LED_PORTL_pin1
                0x000002d4        0xc LED_Test.o
                0x000002d4                init_LED_PORTL_pin1
 .text.init_LED_PORTL_pin2
                0x000002e0        0xc LED_Test.o
                0x000002e0                init_LED_PORTL_pin2
 .text.init_LED_PORTL_pin5
                0x000002ec        0xc LED_Test.o
                0x000002ec                init_LED_PORTL_pin5
 .text.init_LED_PORTL_pin6
                0x000002f8        0xc LED_Test.o
                0x000002f8                init_LED_PORTL_pin6
 .text.enable_LED
                0x00000304       0x1a LED_Test.o
                0x00000304                enable_LED
 .text.disable_LED
                0x0000031e       0x1c LED_Test.o
                0x0000031e                disable_LED
 .text.Init_Task
                0x0000033a        0xa main.o
                0x0000033a                Init_Task
 .text.Init_Drive
                0x00000344       0x12 main.o
                0x00000344                Init_Drive
 .text.a_main   0x00000356       0x5a main.o
                0x00000356                a_main
 .text.Task_Terminate
                0x000003b0       0x22 os.o
                0x000003b0                Task_Terminate
 .text.Kernel_Create_Task_At
                0x000003d2      0x102 os.o
                0x000003d2                Kernel_Create_Task_At
 .text.Kernel_Create_Task
                0x000004d4       0x60 os.o
 .text.Kernel_Init_Mutex_At
                0x00000534       0x2a os.o
                0x00000534                Kernel_Init_Mutex_At
 .text.Kernel_Init_Event_At
                0x0000055e       0x2e os.o
                0x0000055e                Kernel_Init_Event_At
 .text.OS_Init  0x0000058c       0xb2 os.o
                0x0000058c                OS_Init
 .text.OS_Abort
                0x0000063e        0x8 os.o
                0x0000063e                OS_Abort
 .text.Dispatch
                0x00000646       0x62 os.o
 .text.Kernel_Unlock_Mutex
                0x000006a8      0x23e os.o
 .text.OS_Start
                0x000008e6      0x874 os.o
                0x000008e6                OS_Start
 .text.Mutex_Init
                0x0000115a       0x34 os.o
                0x0000115a                Mutex_Init
 .text.Event_Init
                0x0000118e       0x34 os.o
                0x0000118e                Event_Init
 .text.Task_Create
                0x000011c2       0x4c os.o
                0x000011c2                Task_Create
 .text.Task_Next
                0x0000120e       0x24 os.o
                0x0000120e                Task_Next
 .text.setup    0x00001232       0x74 os.o
                0x00001232                setup
 .text.__vector_17
                0x000012a6      0x18a os.o
                0x000012a6                __vector_17
 .text.__vector_32
                0x00001430       0x2e os.o
                0x00001430                __vector_32
 .text.main     0x0000145e       0x16 os.o
                0x0000145e                main
 .text.enqueueWQ
                0x00001474       0x60 queue.o
                0x00001474                enqueueWQ
 .text.enqueueSQ
                0x000014d4       0xe2 queue.o
                0x000014d4                enqueueSQ
 .text.enqueueRQ
                0x000015b6       0xc6 queue.o
                0x000015b6                enqueueRQ
 .text.dequeueWQ
                0x0000167c       0xd0 queue.o
                0x0000167c                dequeueWQ
 .text.dequeueRQ
                0x0000174c       0xb0 queue.o
                0x0000174c                dequeueRQ
 .text.dequeue  0x000017fc       0x38 queue.o
                0x000017fc                dequeue
 .text._get_status
                0x00001834        0xa radio/radio.o
                0x00001834                _get_status
 .text._set_register
                0x0000183e       0x2a radio/radio.o
                0x0000183e                _set_register
 .text._get_register
                0x00001868       0x4a radio/radio.o
                0x00001868                _get_register
 .text._set_rx_mode
                0x000018b2       0x44 radio/radio.o
                0x000018b2                _set_rx_mode
 .text._reset_pipe0_address
                0x000018f6       0x14 radio/radio.o
                0x000018f6                _reset_pipe0_address
 .text.__vector_1
                0x0000190a       0xe4 radio/radio.o
                0x0000190a                __vector_1
 .text.SPI_ReadWrite_Block
                0x000019ee       0x2e radio/spi.o
                0x000019ee                SPI_ReadWrite_Block
 .text.SPI_Write_Block
                0x00001a1c       0x26 radio/spi.o
                0x00001a1c                SPI_Write_Block
 .text.SPI_Write_Byte
                0x00001a42        0xc radio/spi.o
                0x00001a42                SPI_Write_Byte
 .text.Roomba_Init
                0x00001a4e       0xa6 roomba/roomba.o
                0x00001a4e                Roomba_Init
 .text.Roomba_Drive
                0x00001af4       0x2e roomba/roomba.o
                0x00001af4                Roomba_Drive
 .text.__vector_25
                0x00001b22       0x72 uart/uart.o
                0x00001b22                __vector_25
 .text.__vector_26
                0x00001b94       0x60 uart/uart.o
                0x00001b94                __vector_26
 .text.uart0_init
                0x00001bf4       0x5a uart/uart.o
                0x00001bf4                uart0_init
 .text.uart0_putc
                0x00001c4e       0x32 uart/uart.o
                0x00001c4e                uart0_putc
 .text.__vector_36
                0x00001c80       0x72 uart/uart.o
                0x00001c80                __vector_36
 .text.__vector_37
                0x00001cf2       0x60 uart/uart.o
                0x00001cf2                __vector_37
 .text.libgcc.div
                0x00001d52       0x28 c:/program files (x86)/atmel/studio/7.0/toolchain/avr8/avr8-gnu-toolchain/bin/../lib/gcc/avr/4.9.2/avr6\libgcc.a(_udivmodhi4.o)
                0x00001d52                __udivmodhi4
 .text.libgcc   0x00001d7a       0x10 c:/program files (x86)/atmel/studio/7.0/toolchain/avr8/avr8-gnu-toolchain/bin/../lib/gcc/avr/4.9.2/avr6\libgcc.a(_tablejump2.o)
                0x00001d7a                __tablejump2__
                0x00001d8a                . = ALIGN (0x2)
 *(.fini9)
 .fini9         0x00001d8a        0x0 c:/program files (x86)/atmel/studio/7.0/toolchain/avr8/avr8-gnu-toolchain/bin/../lib/gcc/avr/4.9.2/avr6\libgcc.a(_exit.o)
                0x00001d8a                _exit
                0x00001d8a                exit
 *(.fini9)
 *(.fini8)
 *(.fini8)
 *(.fini7)
 *(.fini7)
 *(.fini6)
 *(.fini6)
 *(.fini5)
 *(.fini5)
 *(.fini4)
 *(.fini4)
 *(.fini3)
 *(.fini3)
 *(.fini2)
 *(.fini2)
 *(.fini1)
 *(.fini1)
 *(.fini0)
 .fini0         0x00001d8a        0x4 c:/program files (x86)/atmel/studio/7.0/toolchain/avr8/avr8-gnu-toolchain/bin/../lib/gcc/avr/4.9.2/avr6\libgcc.a(_exit.o)
 *(.fini0)
                0x00001d8e                _etext = .

.data           0x00800200        0xe load address 0x00001d8e
                0x00800200                PROVIDE (__data_start, .)
 *(.data)
 *(.data*)
 .data.tx_last_status
                0x00800200        0x1 radio/radio.o
                0x00800200                tx_last_status
 .data.tx_history
                0x00800201        0x2 radio/radio.o
                0x00800201                tx_history
 .data.rx_pipe0_address
                0x00800203        0x5 radio/radio.o
                0x00800203                rx_pipe0_address
 .data.rx_pipe_widths
                0x00800208        0x6 radio/radio.o
                0x00800208                rx_pipe_widths
 *(.rodata)
 *(.rodata*)
 *(.gnu.linkonce.d*)
                0x0080020e                . = ALIGN (0x2)
                0x0080020e                _edata = .
                0x0080020e                PROVIDE (__data_end, .)

.bss            0x0080020e     0x14d0
                0x0080020e                PROVIDE (__bss_start, .)
 *(.bss)
 *(.bss*)
 .bss.rxflag    0x0080020e        0x1 control.o
                0x0080020e                rxflag
 .bss.WQCount   0x0080020f        0x2 os.o
                0x0080020f                WQCount
 .bss.SQCount   0x00800211        0x2 os.o
                0x00800211                SQCount
 .bss.RQCount   0x00800213        0x2 os.o
                0x00800213                RQCount
 .bss.tickOverflowCount
                0x00800215        0x2 os.o
                0x00800215                tickOverflowCount
 .bss.Events    0x00800217        0x2 os.o
 .bss.Mutexes   0x00800219        0x2 os.o
 .bss.pCount    0x0080021b        0x2 os.o
 .bss.Tasks     0x0080021d        0x2 os.o
 .bss.KernelActive
                0x0080021f        0x2 os.o
 .bss.Cp        0x00800221        0x2 os.o
 .bss.Event     0x00800223       0x28 os.o
 .bss.Mutex     0x0080024b       0x38 os.o
 .bss.Process   0x00800283     0x11e0 os.o
 .bss.UART1_LastRxError
                0x00801463        0x1 uart/uart.o
 .bss.UART1_RxTail
                0x00801464        0x1 uart/uart.o
 .bss.UART1_RxHead
                0x00801465        0x1 uart/uart.o
 .bss.UART1_TxTail
                0x00801466        0x1 uart/uart.o
 .bss.UART1_TxHead
                0x00801467        0x1 uart/uart.o
 .bss.UART1_RxBuf
                0x00801468       0x80 uart/uart.o
 .bss.UART1_TxBuf
                0x008014e8       0x80 uart/uart.o
 .bss.UART_LastRxError
                0x00801568        0x1 uart/uart.o
 .bss.UART_RxTail
                0x00801569        0x1 uart/uart.o
 .bss.UART_RxHead
                0x0080156a        0x1 uart/uart.o
 .bss.UART_TxTail
                0x0080156b        0x1 uart/uart.o
 .bss.UART_TxHead
                0x0080156c        0x1 uart/uart.o
 .bss.UART_RxBuf
                0x0080156d       0x80 uart/uart.o
 .bss.UART_TxBuf
                0x008015ed       0x80 uart/uart.o
 *(COMMON)
 COMMON         0x0080166d        0xc main.o
                0x0080166d                portL2_Mutex
                0x0080166f                DrivePID
                0x00801671                e2
                0x00801673                portL6_Mutex
                0x00801675                InitPID
                0x00801677                e1
 COMMON         0x00801679       0x64 os.o
                0x00801679                SleepQueue
                0x00801699                ReadyQueue
                0x008016b9                CurrentSp
                0x008016bb                WaitingQueue
                0x008016db                KernelSp
 COMMON         0x008016dd        0x1 radio/radio.o
                0x008016dd                transmit_lock
                0x008016de                PROVIDE (__bss_end, .)
                0x00001d8e                __data_load_start = LOADADDR (.data)
                0x00001d9c                __data_load_end = (__data_load_start + SIZEOF (.data))

.noinit         0x008016de        0x0
                0x008016de                PROVIDE (__noinit_start, .)
 *(.noinit*)
                0x008016de                PROVIDE (__noinit_end, .)
                0x008016de                _end = .
                0x008016de                PROVIDE (__heap_start, .)

.eeprom         0x00810000        0x0
 *(.eeprom*)
                0x00810000                __eeprom_end = .

.fuse
 *(.fuse)
 *(.lfuse)
 *(.hfuse)
 *(.efuse)

.lock
 *(.lock*)

.signature
 *(.signature*)

.user_signatures
 *(.user_signatures*)

.stab
 *(.stab)

.stabstr
 *(.stabstr)

.stab.excl
 *(.stab.excl)

.stab.exclstr
 *(.stab.exclstr)

.stab.index
 *(.stab.index)

.stab.indexstr
 *(.stab.indexstr)

.comment        0x00000000       0x30
 *(.comment)
 .comment       0x00000000       0x30 adc/adc.o
                                 0x31 (size before relaxing)
 .comment       0x00000030       0x31 control.o
 .comment       0x00000030       0x31 LED_Test.o
 .comment       0x00000030       0x31 main.o
 .comment       0x00000030       0x31 os.o
 .comment       0x00000030       0x31 queue.o
 .comment       0x00000030       0x31 radio/radio.o
 .comment       0x00000030       0x31 radio/spi.o
 .comment       0x00000030       0x31 roomba/roomba.o
 .comment       0x00000030       0x31 uart/uart.o

.note.gnu.avr.deviceinfo
                0x00000000       0x40
 .note.gnu.avr.deviceinfo
                0x00000000       0x40 C:/Program Files (x86)/Atmel/Studio/7.0/Packs/atmel/ATmega_DFP/1.0.98/gcc/dev/atmega2560/avr6/crtatmega2560.o

.note.gnu.build-id
 *(.note.gnu.build-id)

.debug
 *(.debug)

.line
 *(.line)

.debug_srcinfo
 *(.debug_srcinfo)

.debug_sfnames
 *(.debug_sfnames)

.debug_aranges  0x00000000      0x468
 *(.debug_aranges)
 .debug_aranges
                0x00000000       0x28 adc/adc.o
 .debug_aranges
                0x00000028       0x28 control.o
 .debug_aranges
                0x00000050       0x20 cswitch.o
 .debug_aranges
                0x00000070       0x60 LED_Test.o
 .debug_aranges
                0x000000d0       0x38 main.o
 .debug_aranges
                0x00000108       0xe8 os.o
 .debug_aranges
                0x000001f0       0x58 queue.o
 .debug_aranges
                0x00000248       0x98 radio/radio.o
 .debug_aranges
                0x000002e0       0x38 radio/spi.o
 .debug_aranges
                0x00000318       0x88 roomba/roomba.o
 .debug_aranges
                0x000003a0       0xc8 uart/uart.o

.debug_pubnames
 *(.debug_pubnames)

.debug_info     0x00000000     0x4fe6
 *(.debug_info .gnu.linkonce.wi.*)
 .debug_info    0x00000000       0xb6 adc/adc.o
 .debug_info    0x000000b6      0x8cb control.o
 .debug_info    0x00000981       0x6c cswitch.o
 .debug_info    0x000009ed      0x174 LED_Test.o
 .debug_info    0x00000b61      0x2c6 main.o
 .debug_info    0x00000e27     0x1483 os.o
 .debug_info    0x000022aa      0x5f9 queue.o
 .debug_info    0x000028a3     0x108f radio/radio.o
 .debug_info    0x00003932      0x15d radio/spi.o
 .debug_info    0x00003a8f      0xe68 roomba/roomba.o
 .debug_info    0x000048f7      0x6ef uart/uart.o

.debug_abbrev   0x00000000     0x12eb
 *(.debug_abbrev)
 .debug_abbrev  0x00000000       0x78 adc/adc.o
 .debug_abbrev  0x00000078      0x285 control.o
 .debug_abbrev  0x000002fd       0x14 cswitch.o
 .debug_abbrev  0x00000311       0x92 LED_Test.o
 .debug_abbrev  0x000003a3      0x13e main.o
 .debug_abbrev  0x000004e1      0x3e2 os.o
 .debug_abbrev  0x000008c3      0x1b1 queue.o
 .debug_abbrev  0x00000a74      0x39e radio/radio.o
 .debug_abbrev  0x00000e12       0xc8 radio/spi.o
 .debug_abbrev  0x00000eda      0x29a roomba/roomba.o
 .debug_abbrev  0x00001174      0x177 uart/uart.o

.debug_line     0x00000000     0x277a
 *(.debug_line .debug_line.* .debug_line_end)
 .debug_line    0x00000000       0xe6 adc/adc.o
 .debug_line    0x000000e6      0x2bc control.o
 .debug_line    0x000003a2       0xbb cswitch.o
 .debug_line    0x0000045d      0x151 LED_Test.o
 .debug_line    0x000005ae      0x15c main.o
 .debug_line    0x0000070a      0xb92 os.o
 .debug_line    0x0000129c      0x2d3 queue.o
 .debug_line    0x0000156f      0x68e radio/radio.o
 .debug_line    0x00001bfd      0x146 radio/spi.o
 .debug_line    0x00001d43      0x503 roomba/roomba.o
 .debug_line    0x00002246      0x534 uart/uart.o

.debug_frame    0x00000000      0xbb4
 *(.debug_frame)
 .debug_frame   0x00000000       0x34 adc/adc.o
 .debug_frame   0x00000034       0x34 control.o
 .debug_frame   0x00000068       0xa4 LED_Test.o
 .debug_frame   0x0000010c       0x54 main.o
 .debug_frame   0x00000160      0x2fc os.o
 .debug_frame   0x0000045c      0x110 queue.o
 .debug_frame   0x0000056c      0x248 radio/radio.o
 .debug_frame   0x000007b4       0x54 radio/spi.o
 .debug_frame   0x00000808      0x160 roomba/roomba.o
 .debug_frame   0x00000968      0x24c uart/uart.o

.debug_str      0x00000000     0x137c
 *(.debug_str)
 .debug_str     0x00000000      0x14b adc/adc.o
                                0x17f (size before relaxing)
 .debug_str     0x0000014b      0x554 control.o
                                0x6ef (size before relaxing)
 .debug_str     0x0000069f       0xaf LED_Test.o
                                0x206 (size before relaxing)
 .debug_str     0x0000074e       0xa5 main.o
                                0x22d (size before relaxing)
 .debug_str     0x000007f3      0x4c7 os.o
                                0x71c (size before relaxing)
 .debug_str     0x00000cba       0x21 queue.o
                                0x318 (size before relaxing)
 .debug_str     0x00000cdb      0x198 radio/radio.o
                                0x817 (size before relaxing)
 .debug_str     0x00000e73        0xf radio/spi.o
                                0x1b8 (size before relaxing)
 .debug_str     0x00000e82      0x314 roomba/roomba.o
                                0x6c1 (size before relaxing)
 .debug_str     0x00001196      0x1e6 uart/uart.o
                                0x3dc (size before relaxing)

.debug_loc      0x00000000     0x2e49
 *(.debug_loc)
 .debug_loc     0x00000000       0x3d adc/adc.o
 .debug_loc     0x0000003d      0x112 control.o
 .debug_loc     0x0000014f      0xc5b os.o
 .debug_loc     0x00000daa      0x7bc queue.o
 .debug_loc     0x00001566      0xa0a radio/radio.o
 .debug_loc     0x00001f70      0x105 radio/spi.o
 .debug_loc     0x00002075      0x55f roomba/roomba.o
 .debug_loc     0x000025d4      0x875 uart/uart.o

.debug_macinfo
 *(.debug_macinfo)

.debug_weaknames
 *(.debug_weaknames)

.debug_funcnames
 *(.debug_funcnames)

.debug_typenames
 *(.debug_typenames)

.debug_varnames
 *(.debug_varnames)

.debug_pubtypes
 *(.debug_pubtypes)

.debug_ranges   0x00000000      0x498
 *(.debug_ranges)
 .debug_ranges  0x00000000       0x18 adc/adc.o
 .debug_ranges  0x00000018       0x18 control.o
 .debug_ranges  0x00000030       0x50 LED_Test.o
 .debug_ranges  0x00000080       0x28 main.o
 .debug_ranges  0x000000a8      0x198 os.o
 .debug_ranges  0x00000240       0x48 queue.o
 .debug_ranges  0x00000288       0x88 radio/radio.o
 .debug_ranges  0x00000310       0x28 radio/spi.o
 .debug_ranges  0x00000338       0x78 roomba/roomba.o
 .debug_ranges  0x000003b0       0xe8 uart/uart.o

.debug_macro
 *(.debug_macro)
OUTPUT(roomba.elf elf32-avr)
LOAD linker stubs
