Archive member included to satisfy reference by file (symbol)

c:/program files (x86)/atmel/studio/7.0/toolchain/avr8/avr8-gnu-toolchain/bin/../lib/gcc/avr/4.9.2/avr6\libgcc.a(_udivmodhi4.o)
                              os.o (__udivmodhi4)
c:/program files (x86)/atmel/studio/7.0/toolchain/avr8/avr8-gnu-toolchain/bin/../lib/gcc/avr/4.9.2/avr6\libgcc.a(_exit.o)
                              C:/Program Files (x86)/Atmel/Studio/7.0/Packs/atmel/ATmega_DFP/1.0.98/gcc/dev/atmega2560/avr6/crtatmega2560.o (exit)
c:/program files (x86)/atmel/studio/7.0/toolchain/avr8/avr8-gnu-toolchain/bin/../lib/gcc/avr/4.9.2/avr6\libgcc.a(_tablejump2.o)
                              os.o (__tablejump2__)
c:/program files (x86)/atmel/studio/7.0/toolchain/avr8/avr8-gnu-toolchain/bin/../lib/gcc/avr/4.9.2/avr6\libgcc.a(_copy_data.o)
                              control.o (__do_copy_data)
c:/program files (x86)/atmel/studio/7.0/toolchain/avr8/avr8-gnu-toolchain/bin/../lib/gcc/avr/4.9.2/avr6\libgcc.a(_clear_bss.o)
                              control.o (__do_clear_bss)
c:/program files (x86)/atmel/studio/7.0/toolchain/avr8/avr8-gnu-toolchain/bin/../lib/gcc/avr/4.9.2/avr6\libgcc.a(_umulhisi3.o)
                              os.o (__umulhisi3)
c:/program files (x86)/atmel/studio/7.0/toolchain/avr8/avr8-gnu-toolchain/bin/../lib/gcc/avr/4.9.2/../../../../avr/lib/avr6\libc.a(sprintf.o)
                              main.o (sprintf)
c:/program files (x86)/atmel/studio/7.0/toolchain/avr8/avr8-gnu-toolchain/bin/../lib/gcc/avr/4.9.2/../../../../avr/lib/avr6\libc.a(vfprintf_std.o)
                              c:/program files (x86)/atmel/studio/7.0/toolchain/avr8/avr8-gnu-toolchain/bin/../lib/gcc/avr/4.9.2/../../../../avr/lib/avr6\libc.a(sprintf.o) (vfprintf)
c:/program files (x86)/atmel/studio/7.0/toolchain/avr8/avr8-gnu-toolchain/bin/../lib/gcc/avr/4.9.2/../../../../avr/lib/avr6\libc.a(strnlen_P.o)
                              c:/program files (x86)/atmel/studio/7.0/toolchain/avr8/avr8-gnu-toolchain/bin/../lib/gcc/avr/4.9.2/../../../../avr/lib/avr6\libc.a(vfprintf_std.o) (strnlen_P)
c:/program files (x86)/atmel/studio/7.0/toolchain/avr8/avr8-gnu-toolchain/bin/../lib/gcc/avr/4.9.2/../../../../avr/lib/avr6\libc.a(strnlen.o)
                              c:/program files (x86)/atmel/studio/7.0/toolchain/avr8/avr8-gnu-toolchain/bin/../lib/gcc/avr/4.9.2/../../../../avr/lib/avr6\libc.a(vfprintf_std.o) (strnlen)
c:/program files (x86)/atmel/studio/7.0/toolchain/avr8/avr8-gnu-toolchain/bin/../lib/gcc/avr/4.9.2/../../../../avr/lib/avr6\libc.a(fputc.o)
                              c:/program files (x86)/atmel/studio/7.0/toolchain/avr8/avr8-gnu-toolchain/bin/../lib/gcc/avr/4.9.2/../../../../avr/lib/avr6\libc.a(vfprintf_std.o) (fputc)
c:/program files (x86)/atmel/studio/7.0/toolchain/avr8/avr8-gnu-toolchain/bin/../lib/gcc/avr/4.9.2/../../../../avr/lib/avr6\libc.a(ultoa_invert.o)
                              c:/program files (x86)/atmel/studio/7.0/toolchain/avr8/avr8-gnu-toolchain/bin/../lib/gcc/avr/4.9.2/../../../../avr/lib/avr6\libc.a(vfprintf_std.o) (__ultoa_invert)

Allocating common symbols
Common symbol       size              file

IdlePID             0x2               main.o
transmit_lock       0x1               radio/radio.o
SleepQueue          0x20              os.o
portL2_Mutex        0x2               main.o
ReadyQueue          0x20              os.o
DrivePID            0x2               main.o
e2                  0x2               main.o
CurrentSp           0x2               os.o
portL6_Mutex        0x2               main.o
WaitingQueue        0x20              os.o
KernelSp            0x2               os.o
InitPID             0x2               main.o
e1                  0x2               main.o

Discarded input sections

 .data          0x00000000        0x0 C:/Program Files (x86)/Atmel/Studio/7.0/Packs/atmel/ATmega_DFP/1.0.98/gcc/dev/atmega2560/avr6/crtatmega2560.o
 .bss           0x00000000        0x0 C:/Program Files (x86)/Atmel/Studio/7.0/Packs/atmel/ATmega_DFP/1.0.98/gcc/dev/atmega2560/avr6/crtatmega2560.o
 .text          0x00000000        0x0 adc/adc.o
 .data          0x00000000        0x0 adc/adc.o
 .bss           0x00000000        0x0 adc/adc.o
 .text          0x00000000        0x0 control.o
 .data          0x00000000        0x0 control.o
 .bss           0x00000000        0x0 control.o
 .text.main_b   0x00000000      0x14a control.o
 .bss.packet    0x00000000       0x20 control.o
 .data.roomba_addr
                0x00000000        0x5 control.o
 .data          0x00000000        0x0 cswitch.o
 .bss           0x00000000        0x0 cswitch.o
 .text          0x00000000        0x0 lcd/lcd_drv.o
 .data          0x00000000        0x0 lcd/lcd_drv.o
 .bss           0x00000000        0x0 lcd/lcd_drv.o
 .text.lcd_blank
                0x00000000       0x16 lcd/lcd_drv.o
 .text          0x00000000        0x0 LED_Test.o
 .data          0x00000000        0x0 LED_Test.o
 .bss           0x00000000        0x0 LED_Test.o
 .text.init_LED_PORTL_pin7
                0x00000000        0xc LED_Test.o
 .text.toggle_LED
                0x00000000       0x1a LED_Test.o
 .text          0x00000000        0x0 main.o
 .data          0x00000000        0x0 main.o
 .bss           0x00000000        0x0 main.o
 .text.Idle     0x00000000        0x2 main.o
 .text.Init_Task
                0x00000000        0x6 main.o
 .text.Init_Drive
                0x00000000       0x12 main.o
 COMMON         0x00000000        0xe main.o
 .text          0x00000000        0x0 os.o
 .data          0x00000000        0x0 os.o
 .bss           0x00000000        0x0 os.o
 .text.Mutex_Init
                0x00000000       0x36 os.o
 .text.Mutex_Lock
                0x00000000       0x2c os.o
 .text.Mutex_Unlock
                0x00000000       0x2c os.o
 .text.Event_Init
                0x00000000       0x36 os.o
 .text.Event_Wait
                0x00000000       0x2c os.o
 .text.Event_Signal
                0x00000000       0x2c os.o
 .text.Task_Sleep
                0x00000000       0x8c os.o
 .text.Task_Suspend
                0x00000000       0x2c os.o
 .text.Task_Resume
                0x00000000       0x2c os.o
 .text.Task_GetArg
                0x00000000       0x12 os.o
 .text          0x00000000        0x0 queue.o
 .data          0x00000000        0x0 queue.o
 .bss           0x00000000        0x0 queue.o
 .text.isFull   0x00000000       0x16 queue.o
 .text.isEmpty  0x00000000       0x14 queue.o
 .text          0x00000000        0x0 radio/radio.o
 .data          0x00000000        0x0 radio/radio.o
 .bss           0x00000000        0x0 radio/radio.o
 .text.send_instruction
                0x00000000       0x42 radio/radio.o
 .text._set_tx_mode
                0x00000000       0x48 radio/radio.o
 .text._config  0x00000000       0x8e radio/radio.o
 .text.Radio_Init
                0x00000000       0x32 radio/radio.o
 .text.Radio_Configure_Rx
                0x00000000      0x12e radio/radio.o
 .text.Radio_Set_Tx_Addr
                0x00000000       0x34 radio/radio.o
 .text.Radio_Configure
                0x00000000       0x5a radio/radio.o
 .text.Radio_Transmit
                0x00000000       0x52 radio/radio.o
 .text.Radio_Receive
                0x00000000       0x60 radio/radio.o
 .text.Radio_Drop_Rate
                0x00000000       0x44 radio/radio.o
 .data.tx_address
                0x00000000        0x5 radio/radio.o
 .text          0x00000000        0x0 radio/spi.o
 .data          0x00000000        0x0 radio/spi.o
 .bss           0x00000000        0x0 radio/spi.o
 .text.SPI_Init
                0x00000000       0x10 radio/spi.o
 .text          0x00000000        0x0 roomba/roomba.o
 .data          0x00000000        0x0 roomba/roomba.o
 .bss           0x00000000        0x0 roomba/roomba.o
 .text.update_leds
                0x00000000       0x66 roomba/roomba.o
 .text.Roomba_UpdateSensorPacket
                0x00000000      0x1d4 roomba/roomba.o
 .text.Roomba_ChangeState
                0x00000000       0x6a roomba/roomba.o
 .text.Roomba_Drive
                0x00000000       0x4c roomba/roomba.o
 .text.Roomba_ConfigPowerLED
                0x00000000        0xe roomba/roomba.o
 .text.Roomba_ConfigStatusLED
                0x00000000        0xa roomba/roomba.o
 .text.Roomba_ConfigSpotLED
                0x00000000        0xa roomba/roomba.o
 .text.Roomba_ConfigCleanLED
                0x00000000        0xa roomba/roomba.o
 .text.Roomba_ConfigMaxLED
                0x00000000        0xa roomba/roomba.o
 .text.Roomba_ConfigDirtDetectLED
                0x00000000        0xa roomba/roomba.o
 .text.Roomba_LoadSong
                0x00000000       0x86 roomba/roomba.o
 .text.Roomba_PlaySong
                0x00000000       0x1c roomba/roomba.o
 .text.Roomba_BumperActivated
                0x00000000        0xe roomba/roomba.o
 .data.state    0x00000000        0x1 roomba/roomba.o
 .data.power_intensity
                0x00000000        0x1 roomba/roomba.o
 .bss.power_colour
                0x00000000        0x1 roomba/roomba.o
 .bss.dd        0x00000000        0x1 roomba/roomba.o
 .bss.max       0x00000000        0x1 roomba/roomba.o
 .bss.clean     0x00000000        0x1 roomba/roomba.o
 .bss.spot      0x00000000        0x1 roomba/roomba.o
 .bss.status    0x00000000        0x1 roomba/roomba.o
 .text          0x00000000        0x0 uart/uart.o
 .data          0x00000000        0x0 uart/uart.o
 .bss           0x00000000        0x0 uart/uart.o
 .text.uart_get_byte
                0x00000000       0x22 uart/uart.o
 .text.uart_bytes_received
                0x00000000       0x10 uart/uart.o
 .text.uart_reset_receive
                0x00000000       0x10 uart/uart.o
 .text          0x00000000        0x0 c:/program files (x86)/atmel/studio/7.0/toolchain/avr8/avr8-gnu-toolchain/bin/../lib/gcc/avr/4.9.2/avr6\libgcc.a(_udivmodhi4.o)
 .data          0x00000000        0x0 c:/program files (x86)/atmel/studio/7.0/toolchain/avr8/avr8-gnu-toolchain/bin/../lib/gcc/avr/4.9.2/avr6\libgcc.a(_udivmodhi4.o)
 .bss           0x00000000        0x0 c:/program files (x86)/atmel/studio/7.0/toolchain/avr8/avr8-gnu-toolchain/bin/../lib/gcc/avr/4.9.2/avr6\libgcc.a(_udivmodhi4.o)
 .text.libgcc.mul
                0x00000000        0x0 c:/program files (x86)/atmel/studio/7.0/toolchain/avr8/avr8-gnu-toolchain/bin/../lib/gcc/avr/4.9.2/avr6\libgcc.a(_udivmodhi4.o)
 .text.libgcc   0x00000000        0x0 c:/program files (x86)/atmel/studio/7.0/toolchain/avr8/avr8-gnu-toolchain/bin/../lib/gcc/avr/4.9.2/avr6\libgcc.a(_udivmodhi4.o)
 .text.libgcc.prologue
                0x00000000        0x0 c:/program files (x86)/atmel/studio/7.0/toolchain/avr8/avr8-gnu-toolchain/bin/../lib/gcc/avr/4.9.2/avr6\libgcc.a(_udivmodhi4.o)
 .text.libgcc.builtins
                0x00000000        0x0 c:/program files (x86)/atmel/studio/7.0/toolchain/avr8/avr8-gnu-toolchain/bin/../lib/gcc/avr/4.9.2/avr6\libgcc.a(_udivmodhi4.o)
 .text.libgcc.fmul
                0x00000000        0x0 c:/program files (x86)/atmel/studio/7.0/toolchain/avr8/avr8-gnu-toolchain/bin/../lib/gcc/avr/4.9.2/avr6\libgcc.a(_udivmodhi4.o)
 .text.libgcc.fixed
                0x00000000        0x0 c:/program files (x86)/atmel/studio/7.0/toolchain/avr8/avr8-gnu-toolchain/bin/../lib/gcc/avr/4.9.2/avr6\libgcc.a(_udivmodhi4.o)
 .text          0x00000000        0x0 c:/program files (x86)/atmel/studio/7.0/toolchain/avr8/avr8-gnu-toolchain/bin/../lib/gcc/avr/4.9.2/avr6\libgcc.a(_exit.o)
 .data          0x00000000        0x0 c:/program files (x86)/atmel/studio/7.0/toolchain/avr8/avr8-gnu-toolchain/bin/../lib/gcc/avr/4.9.2/avr6\libgcc.a(_exit.o)
 .bss           0x00000000        0x0 c:/program files (x86)/atmel/studio/7.0/toolchain/avr8/avr8-gnu-toolchain/bin/../lib/gcc/avr/4.9.2/avr6\libgcc.a(_exit.o)
 .text.libgcc.mul
                0x00000000        0x0 c:/program files (x86)/atmel/studio/7.0/toolchain/avr8/avr8-gnu-toolchain/bin/../lib/gcc/avr/4.9.2/avr6\libgcc.a(_exit.o)
 .text.libgcc.div
                0x00000000        0x0 c:/program files (x86)/atmel/studio/7.0/toolchain/avr8/avr8-gnu-toolchain/bin/../lib/gcc/avr/4.9.2/avr6\libgcc.a(_exit.o)
 .text.libgcc   0x00000000        0x0 c:/program files (x86)/atmel/studio/7.0/toolchain/avr8/avr8-gnu-toolchain/bin/../lib/gcc/avr/4.9.2/avr6\libgcc.a(_exit.o)
 .text.libgcc.prologue
                0x00000000        0x0 c:/program files (x86)/atmel/studio/7.0/toolchain/avr8/avr8-gnu-toolchain/bin/../lib/gcc/avr/4.9.2/avr6\libgcc.a(_exit.o)
 .text.libgcc.builtins
                0x00000000        0x0 c:/program files (x86)/atmel/studio/7.0/toolchain/avr8/avr8-gnu-toolchain/bin/../lib/gcc/avr/4.9.2/avr6\libgcc.a(_exit.o)
 .text.libgcc.fmul
                0x00000000        0x0 c:/program files (x86)/atmel/studio/7.0/toolchain/avr8/avr8-gnu-toolchain/bin/../lib/gcc/avr/4.9.2/avr6\libgcc.a(_exit.o)
 .text.libgcc.fixed
                0x00000000        0x0 c:/program files (x86)/atmel/studio/7.0/toolchain/avr8/avr8-gnu-toolchain/bin/../lib/gcc/avr/4.9.2/avr6\libgcc.a(_exit.o)
 .text          0x00000000        0x0 c:/program files (x86)/atmel/studio/7.0/toolchain/avr8/avr8-gnu-toolchain/bin/../lib/gcc/avr/4.9.2/avr6\libgcc.a(_tablejump2.o)
 .data          0x00000000        0x0 c:/program files (x86)/atmel/studio/7.0/toolchain/avr8/avr8-gnu-toolchain/bin/../lib/gcc/avr/4.9.2/avr6\libgcc.a(_tablejump2.o)
 .bss           0x00000000        0x0 c:/program files (x86)/atmel/studio/7.0/toolchain/avr8/avr8-gnu-toolchain/bin/../lib/gcc/avr/4.9.2/avr6\libgcc.a(_tablejump2.o)
 .text.libgcc.mul
                0x00000000        0x0 c:/program files (x86)/atmel/studio/7.0/toolchain/avr8/avr8-gnu-toolchain/bin/../lib/gcc/avr/4.9.2/avr6\libgcc.a(_tablejump2.o)
 .text.libgcc.div
                0x00000000        0x0 c:/program files (x86)/atmel/studio/7.0/toolchain/avr8/avr8-gnu-toolchain/bin/../lib/gcc/avr/4.9.2/avr6\libgcc.a(_tablejump2.o)
 .text.libgcc.prologue
                0x00000000        0x0 c:/program files (x86)/atmel/studio/7.0/toolchain/avr8/avr8-gnu-toolchain/bin/../lib/gcc/avr/4.9.2/avr6\libgcc.a(_tablejump2.o)
 .text.libgcc.builtins
                0x00000000        0x0 c:/program files (x86)/atmel/studio/7.0/toolchain/avr8/avr8-gnu-toolchain/bin/../lib/gcc/avr/4.9.2/avr6\libgcc.a(_tablejump2.o)
 .text.libgcc.fmul
                0x00000000        0x0 c:/program files (x86)/atmel/studio/7.0/toolchain/avr8/avr8-gnu-toolchain/bin/../lib/gcc/avr/4.9.2/avr6\libgcc.a(_tablejump2.o)
 .text.libgcc.fixed
                0x00000000        0x0 c:/program files (x86)/atmel/studio/7.0/toolchain/avr8/avr8-gnu-toolchain/bin/../lib/gcc/avr/4.9.2/avr6\libgcc.a(_tablejump2.o)
 .text          0x00000000        0x0 c:/program files (x86)/atmel/studio/7.0/toolchain/avr8/avr8-gnu-toolchain/bin/../lib/gcc/avr/4.9.2/avr6\libgcc.a(_copy_data.o)
 .data          0x00000000        0x0 c:/program files (x86)/atmel/studio/7.0/toolchain/avr8/avr8-gnu-toolchain/bin/../lib/gcc/avr/4.9.2/avr6\libgcc.a(_copy_data.o)
 .bss           0x00000000        0x0 c:/program files (x86)/atmel/studio/7.0/toolchain/avr8/avr8-gnu-toolchain/bin/../lib/gcc/avr/4.9.2/avr6\libgcc.a(_copy_data.o)
 .text.libgcc.mul
                0x00000000        0x0 c:/program files (x86)/atmel/studio/7.0/toolchain/avr8/avr8-gnu-toolchain/bin/../lib/gcc/avr/4.9.2/avr6\libgcc.a(_copy_data.o)
 .text.libgcc.div
                0x00000000        0x0 c:/program files (x86)/atmel/studio/7.0/toolchain/avr8/avr8-gnu-toolchain/bin/../lib/gcc/avr/4.9.2/avr6\libgcc.a(_copy_data.o)
 .text.libgcc   0x00000000        0x0 c:/program files (x86)/atmel/studio/7.0/toolchain/avr8/avr8-gnu-toolchain/bin/../lib/gcc/avr/4.9.2/avr6\libgcc.a(_copy_data.o)
 .text.libgcc.prologue
                0x00000000        0x0 c:/program files (x86)/atmel/studio/7.0/toolchain/avr8/avr8-gnu-toolchain/bin/../lib/gcc/avr/4.9.2/avr6\libgcc.a(_copy_data.o)
 .text.libgcc.builtins
                0x00000000        0x0 c:/program files (x86)/atmel/studio/7.0/toolchain/avr8/avr8-gnu-toolchain/bin/../lib/gcc/avr/4.9.2/avr6\libgcc.a(_copy_data.o)
 .text.libgcc.fmul
                0x00000000        0x0 c:/program files (x86)/atmel/studio/7.0/toolchain/avr8/avr8-gnu-toolchain/bin/../lib/gcc/avr/4.9.2/avr6\libgcc.a(_copy_data.o)
 .text.libgcc.fixed
                0x00000000        0x0 c:/program files (x86)/atmel/studio/7.0/toolchain/avr8/avr8-gnu-toolchain/bin/../lib/gcc/avr/4.9.2/avr6\libgcc.a(_copy_data.o)
 .text          0x00000000        0x0 c:/program files (x86)/atmel/studio/7.0/toolchain/avr8/avr8-gnu-toolchain/bin/../lib/gcc/avr/4.9.2/avr6\libgcc.a(_clear_bss.o)
 .data          0x00000000        0x0 c:/program files (x86)/atmel/studio/7.0/toolchain/avr8/avr8-gnu-toolchain/bin/../lib/gcc/avr/4.9.2/avr6\libgcc.a(_clear_bss.o)
 .bss           0x00000000        0x0 c:/program files (x86)/atmel/studio/7.0/toolchain/avr8/avr8-gnu-toolchain/bin/../lib/gcc/avr/4.9.2/avr6\libgcc.a(_clear_bss.o)
 .text.libgcc.mul
                0x00000000        0x0 c:/program files (x86)/atmel/studio/7.0/toolchain/avr8/avr8-gnu-toolchain/bin/../lib/gcc/avr/4.9.2/avr6\libgcc.a(_clear_bss.o)
 .text.libgcc.div
                0x00000000        0x0 c:/program files (x86)/atmel/studio/7.0/toolchain/avr8/avr8-gnu-toolchain/bin/../lib/gcc/avr/4.9.2/avr6\libgcc.a(_clear_bss.o)
 .text.libgcc   0x00000000        0x0 c:/program files (x86)/atmel/studio/7.0/toolchain/avr8/avr8-gnu-toolchain/bin/../lib/gcc/avr/4.9.2/avr6\libgcc.a(_clear_bss.o)
 .text.libgcc.prologue
                0x00000000        0x0 c:/program files (x86)/atmel/studio/7.0/toolchain/avr8/avr8-gnu-toolchain/bin/../lib/gcc/avr/4.9.2/avr6\libgcc.a(_clear_bss.o)
 .text.libgcc.builtins
                0x00000000        0x0 c:/program files (x86)/atmel/studio/7.0/toolchain/avr8/avr8-gnu-toolchain/bin/../lib/gcc/avr/4.9.2/avr6\libgcc.a(_clear_bss.o)
 .text.libgcc.fmul
                0x00000000        0x0 c:/program files (x86)/atmel/studio/7.0/toolchain/avr8/avr8-gnu-toolchain/bin/../lib/gcc/avr/4.9.2/avr6\libgcc.a(_clear_bss.o)
 .text.libgcc.fixed
                0x00000000        0x0 c:/program files (x86)/atmel/studio/7.0/toolchain/avr8/avr8-gnu-toolchain/bin/../lib/gcc/avr/4.9.2/avr6\libgcc.a(_clear_bss.o)
 .text          0x00000000        0x0 c:/program files (x86)/atmel/studio/7.0/toolchain/avr8/avr8-gnu-toolchain/bin/../lib/gcc/avr/4.9.2/avr6\libgcc.a(_umulhisi3.o)
 .data          0x00000000        0x0 c:/program files (x86)/atmel/studio/7.0/toolchain/avr8/avr8-gnu-toolchain/bin/../lib/gcc/avr/4.9.2/avr6\libgcc.a(_umulhisi3.o)
 .bss           0x00000000        0x0 c:/program files (x86)/atmel/studio/7.0/toolchain/avr8/avr8-gnu-toolchain/bin/../lib/gcc/avr/4.9.2/avr6\libgcc.a(_umulhisi3.o)
 .text.libgcc.mul
                0x00000000       0x1e c:/program files (x86)/atmel/studio/7.0/toolchain/avr8/avr8-gnu-toolchain/bin/../lib/gcc/avr/4.9.2/avr6\libgcc.a(_umulhisi3.o)
 .text.libgcc.div
                0x00000000        0x0 c:/program files (x86)/atmel/studio/7.0/toolchain/avr8/avr8-gnu-toolchain/bin/../lib/gcc/avr/4.9.2/avr6\libgcc.a(_umulhisi3.o)
 .text.libgcc   0x00000000        0x0 c:/program files (x86)/atmel/studio/7.0/toolchain/avr8/avr8-gnu-toolchain/bin/../lib/gcc/avr/4.9.2/avr6\libgcc.a(_umulhisi3.o)
 .text.libgcc.prologue
                0x00000000        0x0 c:/program files (x86)/atmel/studio/7.0/toolchain/avr8/avr8-gnu-toolchain/bin/../lib/gcc/avr/4.9.2/avr6\libgcc.a(_umulhisi3.o)
 .text.libgcc.builtins
                0x00000000        0x0 c:/program files (x86)/atmel/studio/7.0/toolchain/avr8/avr8-gnu-toolchain/bin/../lib/gcc/avr/4.9.2/avr6\libgcc.a(_umulhisi3.o)
 .text.libgcc.fmul
                0x00000000        0x0 c:/program files (x86)/atmel/studio/7.0/toolchain/avr8/avr8-gnu-toolchain/bin/../lib/gcc/avr/4.9.2/avr6\libgcc.a(_umulhisi3.o)
 .text.libgcc.fixed
                0x00000000        0x0 c:/program files (x86)/atmel/studio/7.0/toolchain/avr8/avr8-gnu-toolchain/bin/../lib/gcc/avr/4.9.2/avr6\libgcc.a(_umulhisi3.o)
 .text          0x00000000        0x0 c:/program files (x86)/atmel/studio/7.0/toolchain/avr8/avr8-gnu-toolchain/bin/../lib/gcc/avr/4.9.2/../../../../avr/lib/avr6\libc.a(sprintf.o)
 .data          0x00000000        0x0 c:/program files (x86)/atmel/studio/7.0/toolchain/avr8/avr8-gnu-toolchain/bin/../lib/gcc/avr/4.9.2/../../../../avr/lib/avr6\libc.a(sprintf.o)
 .bss           0x00000000        0x0 c:/program files (x86)/atmel/studio/7.0/toolchain/avr8/avr8-gnu-toolchain/bin/../lib/gcc/avr/4.9.2/../../../../avr/lib/avr6\libc.a(sprintf.o)
 .text          0x00000000        0x0 c:/program files (x86)/atmel/studio/7.0/toolchain/avr8/avr8-gnu-toolchain/bin/../lib/gcc/avr/4.9.2/../../../../avr/lib/avr6\libc.a(vfprintf_std.o)
 .data          0x00000000        0x0 c:/program files (x86)/atmel/studio/7.0/toolchain/avr8/avr8-gnu-toolchain/bin/../lib/gcc/avr/4.9.2/../../../../avr/lib/avr6\libc.a(vfprintf_std.o)
 .bss           0x00000000        0x0 c:/program files (x86)/atmel/studio/7.0/toolchain/avr8/avr8-gnu-toolchain/bin/../lib/gcc/avr/4.9.2/../../../../avr/lib/avr6\libc.a(vfprintf_std.o)
 .text          0x00000000        0x0 c:/program files (x86)/atmel/studio/7.0/toolchain/avr8/avr8-gnu-toolchain/bin/../lib/gcc/avr/4.9.2/../../../../avr/lib/avr6\libc.a(strnlen_P.o)
 .data          0x00000000        0x0 c:/program files (x86)/atmel/studio/7.0/toolchain/avr8/avr8-gnu-toolchain/bin/../lib/gcc/avr/4.9.2/../../../../avr/lib/avr6\libc.a(strnlen_P.o)
 .bss           0x00000000        0x0 c:/program files (x86)/atmel/studio/7.0/toolchain/avr8/avr8-gnu-toolchain/bin/../lib/gcc/avr/4.9.2/../../../../avr/lib/avr6\libc.a(strnlen_P.o)
 .text          0x00000000        0x0 c:/program files (x86)/atmel/studio/7.0/toolchain/avr8/avr8-gnu-toolchain/bin/../lib/gcc/avr/4.9.2/../../../../avr/lib/avr6\libc.a(strnlen.o)
 .data          0x00000000        0x0 c:/program files (x86)/atmel/studio/7.0/toolchain/avr8/avr8-gnu-toolchain/bin/../lib/gcc/avr/4.9.2/../../../../avr/lib/avr6\libc.a(strnlen.o)
 .bss           0x00000000        0x0 c:/program files (x86)/atmel/studio/7.0/toolchain/avr8/avr8-gnu-toolchain/bin/../lib/gcc/avr/4.9.2/../../../../avr/lib/avr6\libc.a(strnlen.o)
 .text          0x00000000        0x0 c:/program files (x86)/atmel/studio/7.0/toolchain/avr8/avr8-gnu-toolchain/bin/../lib/gcc/avr/4.9.2/../../../../avr/lib/avr6\libc.a(fputc.o)
 .data          0x00000000        0x0 c:/program files (x86)/atmel/studio/7.0/toolchain/avr8/avr8-gnu-toolchain/bin/../lib/gcc/avr/4.9.2/../../../../avr/lib/avr6\libc.a(fputc.o)
 .bss           0x00000000        0x0 c:/program files (x86)/atmel/studio/7.0/toolchain/avr8/avr8-gnu-toolchain/bin/../lib/gcc/avr/4.9.2/../../../../avr/lib/avr6\libc.a(fputc.o)
 .text          0x00000000        0x0 c:/program files (x86)/atmel/studio/7.0/toolchain/avr8/avr8-gnu-toolchain/bin/../lib/gcc/avr/4.9.2/../../../../avr/lib/avr6\libc.a(ultoa_invert.o)
 .data          0x00000000        0x0 c:/program files (x86)/atmel/studio/7.0/toolchain/avr8/avr8-gnu-toolchain/bin/../lib/gcc/avr/4.9.2/../../../../avr/lib/avr6\libc.a(ultoa_invert.o)
 .bss           0x00000000        0x0 c:/program files (x86)/atmel/studio/7.0/toolchain/avr8/avr8-gnu-toolchain/bin/../lib/gcc/avr/4.9.2/../../../../avr/lib/avr6\libc.a(ultoa_invert.o)

Memory Configuration

Name             Origin             Length             Attributes
text             0x00000000         0x00100000         xr
data             0x00800200         0x0000fe00         rw !x
eeprom           0x00810000         0x00010000         rw !x
fuse             0x00820000         0x00000400         rw !x
lock             0x00830000         0x00000400         rw !x
signature        0x00840000         0x00000400         rw !x
user_signatures  0x00850000         0x00000400         rw !x
*default*        0x00000000         0xffffffff

Linker script and memory map

Address of section .data set to 0x800200
LOAD C:/Program Files (x86)/Atmel/Studio/7.0/Packs/atmel/ATmega_DFP/1.0.98/gcc/dev/atmega2560/avr6/crtatmega2560.o
LOAD adc/adc.o
LOAD control.o
LOAD cswitch.o
LOAD lcd/lcd_drv.o
LOAD LED_Test.o
LOAD main.o
LOAD os.o
LOAD queue.o
LOAD radio/radio.o
LOAD radio/spi.o
LOAD roomba/roomba.o
LOAD uart/uart.o
START GROUP
LOAD c:/program files (x86)/atmel/studio/7.0/toolchain/avr8/avr8-gnu-toolchain/bin/../lib/gcc/avr/4.9.2/../../../../avr/lib/avr6\libm.a
END GROUP
START GROUP
LOAD c:/program files (x86)/atmel/studio/7.0/toolchain/avr8/avr8-gnu-toolchain/bin/../lib/gcc/avr/4.9.2/avr6\libgcc.a
LOAD c:/program files (x86)/atmel/studio/7.0/toolchain/avr8/avr8-gnu-toolchain/bin/../lib/gcc/avr/4.9.2/../../../../avr/lib/avr6\libm.a
LOAD c:/program files (x86)/atmel/studio/7.0/toolchain/avr8/avr8-gnu-toolchain/bin/../lib/gcc/avr/4.9.2/../../../../avr/lib/avr6\libc.a
LOAD C:/Program Files (x86)/Atmel/Studio/7.0/Packs/atmel/ATmega_DFP/1.0.98/gcc/dev/atmega2560/avr6\libatmega2560.a
END GROUP

.hash
 *(.hash)

.dynsym
 *(.dynsym)

.dynstr
 *(.dynstr)

.gnu.version
 *(.gnu.version)

.gnu.version_d
 *(.gnu.version_d)

.gnu.version_r
 *(.gnu.version_r)

.rel.init
 *(.rel.init)

.rela.init
 *(.rela.init)

.rel.text
 *(.rel.text)
 *(.rel.text.*)
 *(.rel.gnu.linkonce.t*)

.rela.text
 *(.rela.text)
 *(.rela.text.*)
 *(.rela.gnu.linkonce.t*)

.rel.fini
 *(.rel.fini)

.rela.fini
 *(.rela.fini)

.rel.rodata
 *(.rel.rodata)
 *(.rel.rodata.*)
 *(.rel.gnu.linkonce.r*)

.rela.rodata
 *(.rela.rodata)
 *(.rela.rodata.*)
 *(.rela.gnu.linkonce.r*)

.rel.data
 *(.rel.data)
 *(.rel.data.*)
 *(.rel.gnu.linkonce.d*)

.rela.data
 *(.rela.data)
 *(.rela.data.*)
 *(.rela.gnu.linkonce.d*)

.rel.ctors
 *(.rel.ctors)

.rela.ctors
 *(.rela.ctors)

.rel.dtors
 *(.rel.dtors)

.rela.dtors
 *(.rela.dtors)

.rel.got
 *(.rel.got)

.rela.got
 *(.rela.got)

.rel.bss
 *(.rel.bss)

.rela.bss
 *(.rela.bss)

.rel.plt
 *(.rel.plt)

.rela.plt
 *(.rela.plt)

.text           0x00000000     0x238c
 *(.vectors)
 .vectors       0x00000000       0xe4 C:/Program Files (x86)/Atmel/Studio/7.0/Packs/atmel/ATmega_DFP/1.0.98/gcc/dev/atmega2560/avr6/crtatmega2560.o
                0x00000000                __vector_default
                0x00000000                __vectors
 *(.vectors)
 *(.progmem.gcc*)
 .progmem.gcc_sw_table.OS_Start
                0x000000e4       0x1a os.o
                0x000000fe                . = ALIGN (0x2)
                0x000000fe                __trampolines_start = .
 *(.trampolines)
 .trampolines   0x000000fe        0x0 linker stubs
 *(.trampolines*)
                0x000000fe                __trampolines_end = .
 *(.progmem*)
                0x000000fe                . = ALIGN (0x2)
 *(.jumptables)
 *(.jumptables*)
 *(.lowtext)
 *(.lowtext*)
                0x000000fe                __ctors_start = .
 *(.ctors)
                0x000000fe                __ctors_end = .
                0x000000fe                __dtors_start = .
 *(.dtors)
                0x000000fe                __dtors_end = .
 SORT(*)(.ctors)
 SORT(*)(.dtors)
 *(.init0)
 .init0         0x000000fe        0x0 C:/Program Files (x86)/Atmel/Studio/7.0/Packs/atmel/ATmega_DFP/1.0.98/gcc/dev/atmega2560/avr6/crtatmega2560.o
                0x000000fe                __init
 *(.init0)
 *(.init1)
 *(.init1)
 *(.init2)
 .init2         0x000000fe       0x10 C:/Program Files (x86)/Atmel/Studio/7.0/Packs/atmel/ATmega_DFP/1.0.98/gcc/dev/atmega2560/avr6/crtatmega2560.o
 *(.init2)
 *(.init3)
 *(.init3)
 *(.init4)
 .init4         0x0000010e       0x1a c:/program files (x86)/atmel/studio/7.0/toolchain/avr8/avr8-gnu-toolchain/bin/../lib/gcc/avr/4.9.2/avr6\libgcc.a(_copy_data.o)
                0x0000010e                __do_copy_data
 .init4         0x00000128       0x10 c:/program files (x86)/atmel/studio/7.0/toolchain/avr8/avr8-gnu-toolchain/bin/../lib/gcc/avr/4.9.2/avr6\libgcc.a(_clear_bss.o)
                0x00000128                __do_clear_bss
 *(.init4)
 *(.init5)
 *(.init5)
 *(.init6)
 *(.init6)
 *(.init7)
 *(.init7)
 *(.init8)
 *(.init8)
 *(.init9)
 .init9         0x00000138        0x8 C:/Program Files (x86)/Atmel/Studio/7.0/Packs/atmel/ATmega_DFP/1.0.98/gcc/dev/atmega2560/avr6/crtatmega2560.o
 *(.init9)
 *(.text)
 .text          0x00000140        0x2 C:/Program Files (x86)/Atmel/Studio/7.0/Packs/atmel/ATmega_DFP/1.0.98/gcc/dev/atmega2560/avr6/crtatmega2560.o
                0x00000140                __vector_38
                0x00000140                __vector_22
                0x00000140                __vector_28
                0x00000140                __vector_34
                0x00000140                __vector_24
                0x00000140                __vector_12
                0x00000140                __vector_55
                0x00000140                __vector_46
                0x00000140                __bad_interrupt
                0x00000140                __vector_6
                0x00000140                __vector_31
                0x00000140                __vector_35
                0x00000140                __vector_39
                0x00000140                __vector_3
                0x00000140                __vector_23
                0x00000140                __vector_30
                0x00000140                __vector_45
                0x00000140                __vector_11
                0x00000140                __vector_54
                0x00000140                __vector_13
                0x00000140                __vector_19
                0x00000140                __vector_56
                0x00000140                __vector_7
                0x00000140                __vector_49
                0x00000140                __vector_41
                0x00000140                __vector_43
                0x00000140                __vector_27
                0x00000140                __vector_5
                0x00000140                __vector_33
                0x00000140                __vector_47
                0x00000140                __vector_52
                0x00000140                __vector_37
                0x00000140                __vector_4
                0x00000140                __vector_44
                0x00000140                __vector_51
                0x00000140                __vector_9
                0x00000140                __vector_2
                0x00000140                __vector_21
                0x00000140                __vector_15
                0x00000140                __vector_29
                0x00000140                __vector_40
                0x00000140                __vector_8
                0x00000140                __vector_26
                0x00000140                __vector_48
                0x00000140                __vector_14
                0x00000140                __vector_53
                0x00000140                __vector_10
                0x00000140                __vector_50
                0x00000140                __vector_16
                0x00000140                __vector_18
                0x00000140                __vector_20
                0x00000140                __vector_42
 .text          0x00000142      0x154 cswitch.o
                0x00000142                Exit_Kernel
                0x00000142                CSwitch
                0x000001ec                Enter_Kernel
                0x00000296                . = ALIGN (0x2)
 *(.text.*)
 .text.adc_init
                0x00000296        0xe adc/adc.o
                0x00000296                adc_init
 .text.adc_read
                0x000002a4       0x28 adc/adc.o
                0x000002a4                adc_read
 .text.radio_rxhandler
                0x000002cc       0x24 control.o
                0x000002cc                radio_rxhandler
 .text.lcd_nibble
                0x000002f0       0x4e lcd/lcd_drv.o
 .text.lcd_command
                0x0000033e       0x46 lcd/lcd_drv.o
                0x0000033e                lcd_command
 .text.lcd_putchar
                0x00000384       0x44 lcd/lcd_drv.o
                0x00000384                lcd_putchar
 .text.lcd_puts
                0x000003c8       0x1c lcd/lcd_drv.o
                0x000003c8                lcd_puts
 .text.lcd_init
                0x000003e4       0x92 lcd/lcd_drv.o
                0x000003e4                lcd_init
 .text.init_LED_PORTL_pin0
                0x00000476        0xc LED_Test.o
                0x00000476                init_LED_PORTL_pin0
 .text.init_LED_PORTL_pin1
                0x00000482        0xc LED_Test.o
                0x00000482                init_LED_PORTL_pin1
 .text.init_LED_PORTL_pin2
                0x0000048e        0xc LED_Test.o
                0x0000048e                init_LED_PORTL_pin2
 .text.init_LED_PORTL_pin5
                0x0000049a        0xc LED_Test.o
                0x0000049a                init_LED_PORTL_pin5
 .text.init_LED_PORTL_pin6
                0x000004a6        0xc LED_Test.o
                0x000004a6                init_LED_PORTL_pin6
 .text.enable_LED
                0x000004b2       0x1a LED_Test.o
                0x000004b2                enable_LED
 .text.disable_LED
                0x000004cc       0x1c LED_Test.o
                0x000004cc                disable_LED
 .text.Poll_Joystick
                0x000004e8       0x64 main.o
                0x000004e8                Poll_Joystick
 .text.a_main   0x0000054c       0x3c main.o
                0x0000054c                a_main
 .text.Task_Terminate
                0x00000588       0x22 os.o
                0x00000588                Task_Terminate
 .text.Kernel_Create_Task_At
                0x000005aa      0x102 os.o
                0x000005aa                Kernel_Create_Task_At
 .text.Kernel_Create_Task
                0x000006ac       0x60 os.o
 .text.Kernel_Init_Mutex_At
                0x0000070c       0x2a os.o
                0x0000070c                Kernel_Init_Mutex_At
 .text.Kernel_Init_Event_At
                0x00000736       0x2e os.o
                0x00000736                Kernel_Init_Event_At
 .text.OS_Init  0x00000764       0xb2 os.o
                0x00000764                OS_Init
 .text.OS_Abort
                0x00000816        0x8 os.o
                0x00000816                OS_Abort
 .text.Dispatch
                0x0000081e       0x62 os.o
 .text.Kernel_Unlock_Mutex
                0x00000880      0x23e os.o
 .text.OS_Start
                0x00000abe      0x874 os.o
                0x00000abe                OS_Start
 .text.Task_Create
                0x00001332       0x4c os.o
                0x00001332                Task_Create
 .text.Task_Next
                0x0000137e       0x24 os.o
                0x0000137e                Task_Next
 .text.setup    0x000013a2       0x74 os.o
                0x000013a2                setup
 .text.__vector_17
                0x00001416      0x18a os.o
                0x00001416                __vector_17
 .text.__vector_32
                0x000015a0       0x2e os.o
                0x000015a0                __vector_32
 .text.main     0x000015ce       0x16 os.o
                0x000015ce                main
 .text.enqueueWQ
                0x000015e4       0x60 queue.o
                0x000015e4                enqueueWQ
 .text.enqueueSQ
                0x00001644       0xe2 queue.o
                0x00001644                enqueueSQ
 .text.enqueueRQ
                0x00001726       0xc6 queue.o
                0x00001726                enqueueRQ
 .text.dequeueWQ
                0x000017ec       0xd0 queue.o
                0x000017ec                dequeueWQ
 .text.dequeueRQ
                0x000018bc       0xb0 queue.o
                0x000018bc                dequeueRQ
 .text.dequeue  0x0000196c       0x38 queue.o
                0x0000196c                dequeue
 .text._get_status
                0x000019a4        0xa radio/radio.o
                0x000019a4                _get_status
 .text._set_register
                0x000019ae       0x2a radio/radio.o
                0x000019ae                _set_register
 .text._get_register
                0x000019d8       0x4a radio/radio.o
                0x000019d8                _get_register
 .text._set_rx_mode
                0x00001a22       0x44 radio/radio.o
                0x00001a22                _set_rx_mode
 .text._reset_pipe0_address
                0x00001a66       0x14 radio/radio.o
                0x00001a66                _reset_pipe0_address
 .text.__vector_1
                0x00001a7a       0xe4 radio/radio.o
                0x00001a7a                __vector_1
 .text.SPI_ReadWrite_Block
                0x00001b5e       0x2e radio/spi.o
                0x00001b5e                SPI_ReadWrite_Block
 .text.SPI_Write_Block
                0x00001b8c       0x26 radio/spi.o
                0x00001b8c                SPI_Write_Block
 .text.SPI_Write_Byte
                0x00001bb2        0xc radio/spi.o
                0x00001bb2                SPI_Write_Byte
 .text.Roomba_Init
                0x00001bbe       0xb6 roomba/roomba.o
                0x00001bbe                Roomba_Init
 .text.uart_init
                0x00001c74       0x3a uart/uart.o
                0x00001c74                uart_init
 .text.uart_putchar
                0x00001cae       0x24 uart/uart.o
                0x00001cae                uart_putchar
 .text.uart_send_string
                0x00001cd2       0x28 uart/uart.o
                0x00001cd2                uart_send_string
 .text.__vector_25
                0x00001cfa       0x62 uart/uart.o
                0x00001cfa                __vector_25
 .text.__vector_36
                0x00001d5c       0x62 uart/uart.o
                0x00001d5c                __vector_36
 .text.libgcc.div
                0x00001dbe       0x28 c:/program files (x86)/atmel/studio/7.0/toolchain/avr8/avr8-gnu-toolchain/bin/../lib/gcc/avr/4.9.2/avr6\libgcc.a(_udivmodhi4.o)
                0x00001dbe                __udivmodhi4
 .text.libgcc   0x00001de6       0x10 c:/program files (x86)/atmel/studio/7.0/toolchain/avr8/avr8-gnu-toolchain/bin/../lib/gcc/avr/4.9.2/avr6\libgcc.a(_tablejump2.o)
                0x00001de6                __tablejump2__
 .text.avr-libc
                0x00001df6       0x5e c:/program files (x86)/atmel/studio/7.0/toolchain/avr8/avr8-gnu-toolchain/bin/../lib/gcc/avr/4.9.2/../../../../avr/lib/avr6\libc.a(sprintf.o)
                0x00001df6                sprintf
 .text.avr-libc
                0x00001e54      0x3dc c:/program files (x86)/atmel/studio/7.0/toolchain/avr8/avr8-gnu-toolchain/bin/../lib/gcc/avr/4.9.2/../../../../avr/lib/avr6\libc.a(vfprintf_std.o)
                0x00001e54                vfprintf
 .text.avr-libc
                0x00002230       0x16 c:/program files (x86)/atmel/studio/7.0/toolchain/avr8/avr8-gnu-toolchain/bin/../lib/gcc/avr/4.9.2/../../../../avr/lib/avr6\libc.a(strnlen_P.o)
                0x00002230                strnlen_P
 .text.avr-libc
                0x00002246       0x16 c:/program files (x86)/atmel/studio/7.0/toolchain/avr8/avr8-gnu-toolchain/bin/../lib/gcc/avr/4.9.2/../../../../avr/lib/avr6\libc.a(strnlen.o)
                0x00002246                strnlen
 .text.avr-libc
                0x0000225c       0x70 c:/program files (x86)/atmel/studio/7.0/toolchain/avr8/avr8-gnu-toolchain/bin/../lib/gcc/avr/4.9.2/../../../../avr/lib/avr6\libc.a(fputc.o)
                0x0000225c                fputc
 .text.avr-libc
                0x000022cc       0xbc c:/program files (x86)/atmel/studio/7.0/toolchain/avr8/avr8-gnu-toolchain/bin/../lib/gcc/avr/4.9.2/../../../../avr/lib/avr6\libc.a(ultoa_invert.o)
                0x000022cc                __ultoa_invert
                0x00002388                . = ALIGN (0x2)
 *(.fini9)
 .fini9         0x00002388        0x0 c:/program files (x86)/atmel/studio/7.0/toolchain/avr8/avr8-gnu-toolchain/bin/../lib/gcc/avr/4.9.2/avr6\libgcc.a(_exit.o)
                0x00002388                _exit
                0x00002388                exit
 *(.fini9)
 *(.fini8)
 *(.fini8)
 *(.fini7)
 *(.fini7)
 *(.fini6)
 *(.fini6)
 *(.fini5)
 *(.fini5)
 *(.fini4)
 *(.fini4)
 *(.fini3)
 *(.fini3)
 *(.fini2)
 *(.fini2)
 *(.fini1)
 *(.fini1)
 *(.fini0)
 .fini0         0x00002388        0x4 c:/program files (x86)/atmel/studio/7.0/toolchain/avr8/avr8-gnu-toolchain/bin/../lib/gcc/avr/4.9.2/avr6\libgcc.a(_exit.o)
 *(.fini0)
                0x0000238c                _etext = .

.data           0x00800200       0x18 load address 0x0000238c
                0x00800200                PROVIDE (__data_start, .)
 *(.data)
 *(.data*)
 .data.lcd_pos  0x00800200        0x1 lcd/lcd_drv.o
                0x00800200                lcd_pos
 .data.tx_last_status
                0x00800201        0x1 radio/radio.o
                0x00800201                tx_last_status
 .data.tx_history
                0x00800202        0x2 radio/radio.o
                0x00800202                tx_history
 .data.rx_pipe0_address
                0x00800204        0x5 radio/radio.o
                0x00800204                rx_pipe0_address
 .data.rx_pipe_widths
                0x00800209        0x6 radio/radio.o
                0x00800209                rx_pipe_widths
 *(.rodata)
 *(.rodata*)
 .rodata.str1.1
                0x0080020f        0x9 main.o
 *(.gnu.linkonce.d*)
                0x00800218                . = ALIGN (0x2)
                0x00800218                _edata = .
                0x00800218                PROVIDE (__data_end, .)

.bss            0x00800218     0x12fc
                0x00800218                PROVIDE (__bss_start, .)
 *(.bss)
 *(.bss*)
 .bss.rxflag    0x00800218        0x1 control.o
                0x00800218                rxflag
 .bss.WQCount   0x00800219        0x2 os.o
                0x00800219                WQCount
 .bss.SQCount   0x0080021b        0x2 os.o
                0x0080021b                SQCount
 .bss.RQCount   0x0080021d        0x2 os.o
                0x0080021d                RQCount
 .bss.tickOverflowCount
                0x0080021f        0x2 os.o
                0x0080021f                tickOverflowCount
 .bss.Events    0x00800221        0x2 os.o
 .bss.Mutexes   0x00800223        0x2 os.o
 .bss.pCount    0x00800225        0x2 os.o
 .bss.Tasks     0x00800227        0x2 os.o
 .bss.KernelActive
                0x00800229        0x2 os.o
 .bss.Cp        0x0080022b        0x2 os.o
 .bss.Event     0x0080022d       0x28 os.o
 .bss.Mutex     0x00800255       0x38 os.o
 .bss.Process   0x0080028d     0x11e0 os.o
 .bss.uart_buffer_1_index
                0x0080146d        0x1 uart/uart.o
 .bss.uart_buffer_index
                0x0080146e        0x1 uart/uart.o
 .bss.uart_buffer_1
                0x0080146f       0x20 uart/uart.o
 .bss.uart_buffer
                0x0080148f       0x20 uart/uart.o
 *(COMMON)
 COMMON         0x008014af       0x64 os.o
                0x008014af                SleepQueue
                0x008014cf                ReadyQueue
                0x008014ef                CurrentSp
                0x008014f1                WaitingQueue
                0x00801511                KernelSp
 COMMON         0x00801513        0x1 radio/radio.o
                0x00801513                transmit_lock
                0x00801514                PROVIDE (__bss_end, .)
                0x0000238c                __data_load_start = LOADADDR (.data)
                0x000023a4                __data_load_end = (__data_load_start + SIZEOF (.data))

.noinit         0x00801514        0x0
                0x00801514                PROVIDE (__noinit_start, .)
 *(.noinit*)
                0x00801514                PROVIDE (__noinit_end, .)
                0x00801514                _end = .
                0x00801514                PROVIDE (__heap_start, .)

.eeprom         0x00810000        0x0
 *(.eeprom*)
                0x00810000                __eeprom_end = .

.fuse
 *(.fuse)
 *(.lfuse)
 *(.hfuse)
 *(.efuse)

.lock
 *(.lock*)

.signature
 *(.signature*)

.user_signatures
 *(.user_signatures*)

.stab
 *(.stab)

.stabstr
 *(.stabstr)

.stab.excl
 *(.stab.excl)

.stab.exclstr
 *(.stab.exclstr)

.stab.index
 *(.stab.index)

.stab.indexstr
 *(.stab.indexstr)

.comment        0x00000000       0x5c
 *(.comment)
 .comment       0x00000000       0x30 adc/adc.o
                                 0x31 (size before relaxing)
 .comment       0x00000030       0x31 control.o
 .comment       0x00000030       0x31 lcd/lcd_drv.o
 .comment       0x00000030       0x31 LED_Test.o
 .comment       0x00000030       0x31 main.o
 .comment       0x00000030       0x31 os.o
 .comment       0x00000030       0x31 queue.o
 .comment       0x00000030       0x31 radio/radio.o
 .comment       0x00000030       0x31 radio/spi.o
 .comment       0x00000030       0x31 roomba/roomba.o
 .comment       0x00000030       0x31 uart/uart.o
 .comment       0x00000030       0x31 c:/program files (x86)/atmel/studio/7.0/toolchain/avr8/avr8-gnu-toolchain/bin/../lib/gcc/avr/4.9.2/../../../../avr/lib/avr6\libc.a(sprintf.o)
 .comment       0x00000030       0x2c c:/program files (x86)/atmel/studio/7.0/toolchain/avr8/avr8-gnu-toolchain/bin/../lib/gcc/avr/4.9.2/../../../../avr/lib/avr6\libc.a(vfprintf_std.o)
                                 0x2d (size before relaxing)
 .comment       0x0000005c       0x31 c:/program files (x86)/atmel/studio/7.0/toolchain/avr8/avr8-gnu-toolchain/bin/../lib/gcc/avr/4.9.2/../../../../avr/lib/avr6\libc.a(fputc.o)

.note.gnu.avr.deviceinfo
                0x00000000       0x40
 .note.gnu.avr.deviceinfo
                0x00000000       0x40 C:/Program Files (x86)/Atmel/Studio/7.0/Packs/atmel/ATmega_DFP/1.0.98/gcc/dev/atmega2560/avr6/crtatmega2560.o

.note.gnu.build-id
 *(.note.gnu.build-id)

.debug
 *(.debug)

.line
 *(.line)

.debug_srcinfo
 *(.debug_srcinfo)

.debug_sfnames
 *(.debug_sfnames)

.debug_aranges  0x00000000      0x448
 *(.debug_aranges)
 .debug_aranges
                0x00000000       0x28 adc/adc.o
 .debug_aranges
                0x00000028       0x28 control.o
 .debug_aranges
                0x00000050       0x20 cswitch.o
 .debug_aranges
                0x00000070       0x48 lcd/lcd_drv.o
 .debug_aranges
                0x000000b8       0x60 LED_Test.o
 .debug_aranges
                0x00000118       0x40 main.o
 .debug_aranges
                0x00000158       0xe8 os.o
 .debug_aranges
                0x00000240       0x58 queue.o
 .debug_aranges
                0x00000298       0x98 radio/radio.o
 .debug_aranges
                0x00000330       0x38 radio/spi.o
 .debug_aranges
                0x00000368       0x88 roomba/roomba.o
 .debug_aranges
                0x000003f0       0x58 uart/uart.o

.debug_pubnames
 *(.debug_pubnames)

.debug_info     0x00000000     0x54e2
 *(.debug_info .gnu.linkonce.wi.*)
 .debug_info    0x00000000       0xb6 adc/adc.o
 .debug_info    0x000000b6      0x8e2 control.o
 .debug_info    0x00000998       0x6c cswitch.o
 .debug_info    0x00000a04      0x628 lcd/lcd_drv.o
 .debug_info    0x0000102c      0x174 LED_Test.o
 .debug_info    0x000011a0      0x3d2 main.o
 .debug_info    0x00001572     0x1483 os.o
 .debug_info    0x000029f5      0x5f9 queue.o
 .debug_info    0x00002fee     0x108f radio/radio.o
 .debug_info    0x0000407d      0x15d radio/spi.o
 .debug_info    0x000041da     0x1070 roomba/roomba.o
 .debug_info    0x0000524a      0x298 uart/uart.o

.debug_abbrev   0x00000000     0x1526
 *(.debug_abbrev)
 .debug_abbrev  0x00000000       0x78 adc/adc.o
 .debug_abbrev  0x00000078      0x28c control.o
 .debug_abbrev  0x00000304       0x14 cswitch.o
 .debug_abbrev  0x00000318      0x1c8 lcd/lcd_drv.o
 .debug_abbrev  0x000004e0       0x92 LED_Test.o
 .debug_abbrev  0x00000572      0x215 main.o
 .debug_abbrev  0x00000787      0x3e2 os.o
 .debug_abbrev  0x00000b69      0x1b1 queue.o
 .debug_abbrev  0x00000d1a      0x39e radio/radio.o
 .debug_abbrev  0x000010b8       0xc8 radio/spi.o
 .debug_abbrev  0x00001180      0x287 roomba/roomba.o
 .debug_abbrev  0x00001407      0x11f uart/uart.o

.debug_line     0x00000000     0x2837
 *(.debug_line .debug_line.* .debug_line_end)
 .debug_line    0x00000000       0xe6 adc/adc.o
 .debug_line    0x000000e6      0x2a8 control.o
 .debug_line    0x0000038e       0xbb cswitch.o
 .debug_line    0x00000449      0x324 lcd/lcd_drv.o
 .debug_line    0x0000076d      0x151 LED_Test.o
 .debug_line    0x000008be      0x21a main.o
 .debug_line    0x00000ad8      0xb92 os.o
 .debug_line    0x0000166a      0x2d3 queue.o
 .debug_line    0x0000193d      0x68e radio/radio.o
 .debug_line    0x00001fcb      0x146 radio/spi.o
 .debug_line    0x00002111      0x503 roomba/roomba.o
 .debug_line    0x00002614      0x223 uart/uart.o

.debug_frame    0x00000000      0xb24
 *(.debug_frame)
 .debug_frame   0x00000000       0x34 adc/adc.o
 .debug_frame   0x00000034       0x34 control.o
 .debug_frame   0x00000068       0x98 lcd/lcd_drv.o
 .debug_frame   0x00000100       0xa4 LED_Test.o
 .debug_frame   0x000001a4       0x90 main.o
 .debug_frame   0x00000234      0x2fc os.o
 .debug_frame   0x00000530      0x110 queue.o
 .debug_frame   0x00000640      0x248 radio/radio.o
 .debug_frame   0x00000888       0x54 radio/spi.o
 .debug_frame   0x000008dc      0x160 roomba/roomba.o
 .debug_frame   0x00000a3c       0xe8 uart/uart.o

.debug_str      0x00000000     0x12cb
 *(.debug_str)
 .debug_str     0x00000000      0x14b adc/adc.o
                                0x17f (size before relaxing)
 .debug_str     0x0000014b      0x54b control.o
                                0x6ee (size before relaxing)
 .debug_str     0x00000696       0x75 lcd/lcd_drv.o
                                0x21c (size before relaxing)
 .debug_str     0x0000070b       0xaf LED_Test.o
                                0x206 (size before relaxing)
 .debug_str     0x000007ba       0xaf main.o
                                0x2a7 (size before relaxing)
 .debug_str     0x00000869      0x507 os.o
                                0x71c (size before relaxing)
 .debug_str     0x00000d70       0x28 queue.o
                                0x318 (size before relaxing)
 .debug_str     0x00000d98      0x182 radio/radio.o
                                0x817 (size before relaxing)
 .debug_str     0x00000f1a        0xf radio/spi.o
                                0x1b8 (size before relaxing)
 .debug_str     0x00000f29      0x32e roomba/roomba.o
                                0x6d0 (size before relaxing)
 .debug_str     0x00001257       0x74 uart/uart.o
                                0x292 (size before relaxing)

.debug_loc      0x00000000     0x2bed
 *(.debug_loc)
 .debug_loc     0x00000000       0x3d adc/adc.o
 .debug_loc     0x0000003d      0x112 control.o
 .debug_loc     0x0000014f      0x26c lcd/lcd_drv.o
 .debug_loc     0x000003bb      0x145 main.o
 .debug_loc     0x00000500      0xc5b os.o
 .debug_loc     0x0000115b      0x7bc queue.o
 .debug_loc     0x00001917      0xa0a radio/radio.o
 .debug_loc     0x00002321      0x105 radio/spi.o
 .debug_loc     0x00002426      0x55f roomba/roomba.o
 .debug_loc     0x00002985      0x268 uart/uart.o

.debug_macinfo
 *(.debug_macinfo)

.debug_weaknames
 *(.debug_weaknames)

.debug_funcnames
 *(.debug_funcnames)

.debug_typenames
 *(.debug_typenames)

.debug_varnames
 *(.debug_varnames)

.debug_pubtypes
 *(.debug_pubtypes)

.debug_ranges   0x00000000      0x450
 *(.debug_ranges)
 .debug_ranges  0x00000000       0x18 adc/adc.o
 .debug_ranges  0x00000018       0x30 control.o
 .debug_ranges  0x00000048       0x38 lcd/lcd_drv.o
 .debug_ranges  0x00000080       0x50 LED_Test.o
 .debug_ranges  0x000000d0       0x30 main.o
 .debug_ranges  0x00000100      0x198 os.o
 .debug_ranges  0x00000298       0x48 queue.o
 .debug_ranges  0x000002e0       0x88 radio/radio.o
 .debug_ranges  0x00000368       0x28 radio/spi.o
 .debug_ranges  0x00000390       0x78 roomba/roomba.o
 .debug_ranges  0x00000408       0x48 uart/uart.o

.debug_macro
 *(.debug_macro)
OUTPUT(roomba.elf elf32-avr)
LOAD linker stubs
