Archive member included to satisfy reference by file (symbol)

c:/program files (x86)/atmel/studio/7.0/toolchain/avr8/avr8-gnu-toolchain/bin/../lib/gcc/avr/4.9.2/../../../../avr/lib/avr6\libm.a(fixsfsi.o)
                              main.o (__fixsfsi)
c:/program files (x86)/atmel/studio/7.0/toolchain/avr8/avr8-gnu-toolchain/bin/../lib/gcc/avr/4.9.2/../../../../avr/lib/avr6\libm.a(fixunssfsi.o)
                              c:/program files (x86)/atmel/studio/7.0/toolchain/avr8/avr8-gnu-toolchain/bin/../lib/gcc/avr/4.9.2/../../../../avr/lib/avr6\libm.a(fixsfsi.o) (__fixunssfsi)
c:/program files (x86)/atmel/studio/7.0/toolchain/avr8/avr8-gnu-toolchain/bin/../lib/gcc/avr/4.9.2/../../../../avr/lib/avr6\libm.a(floatsisf.o)
                              main.o (__floatsisf)
c:/program files (x86)/atmel/studio/7.0/toolchain/avr8/avr8-gnu-toolchain/bin/../lib/gcc/avr/4.9.2/../../../../avr/lib/avr6\libm.a(fp_split3.o)
                              c:/program files (x86)/atmel/studio/7.0/toolchain/avr8/avr8-gnu-toolchain/bin/../lib/gcc/avr/4.9.2/../../../../avr/lib/avr6\libm.a(fixunssfsi.o) (__fp_splitA)
c:/program files (x86)/atmel/studio/7.0/toolchain/avr8/avr8-gnu-toolchain/bin/../lib/gcc/avr/4.9.2/../../../../avr/lib/avr6\libm.a(fp_zero.o)
                              c:/program files (x86)/atmel/studio/7.0/toolchain/avr8/avr8-gnu-toolchain/bin/../lib/gcc/avr/4.9.2/../../../../avr/lib/avr6\libm.a(fixunssfsi.o) (__fp_zero)
c:/program files (x86)/atmel/studio/7.0/toolchain/avr8/avr8-gnu-toolchain/bin/../lib/gcc/avr/4.9.2/../../../../avr/lib/avr6\libm.a(mulsf3.o)
                              main.o (__mulsf3)
c:/program files (x86)/atmel/studio/7.0/toolchain/avr8/avr8-gnu-toolchain/bin/../lib/gcc/avr/4.9.2/../../../../avr/lib/avr6\libm.a(mulsf3x.o)
                              c:/program files (x86)/atmel/studio/7.0/toolchain/avr8/avr8-gnu-toolchain/bin/../lib/gcc/avr/4.9.2/../../../../avr/lib/avr6\libm.a(mulsf3.o) (__mulsf3x)
c:/program files (x86)/atmel/studio/7.0/toolchain/avr8/avr8-gnu-toolchain/bin/../lib/gcc/avr/4.9.2/../../../../avr/lib/avr6\libm.a(fp_inf.o)
                              c:/program files (x86)/atmel/studio/7.0/toolchain/avr8/avr8-gnu-toolchain/bin/../lib/gcc/avr/4.9.2/../../../../avr/lib/avr6\libm.a(mulsf3x.o) (__fp_inf)
c:/program files (x86)/atmel/studio/7.0/toolchain/avr8/avr8-gnu-toolchain/bin/../lib/gcc/avr/4.9.2/../../../../avr/lib/avr6\libm.a(fp_nan.o)
                              c:/program files (x86)/atmel/studio/7.0/toolchain/avr8/avr8-gnu-toolchain/bin/../lib/gcc/avr/4.9.2/../../../../avr/lib/avr6\libm.a(mulsf3x.o) (__fp_nan)
c:/program files (x86)/atmel/studio/7.0/toolchain/avr8/avr8-gnu-toolchain/bin/../lib/gcc/avr/4.9.2/../../../../avr/lib/avr6\libm.a(fp_pscA.o)
                              c:/program files (x86)/atmel/studio/7.0/toolchain/avr8/avr8-gnu-toolchain/bin/../lib/gcc/avr/4.9.2/../../../../avr/lib/avr6\libm.a(mulsf3x.o) (__fp_pscA)
c:/program files (x86)/atmel/studio/7.0/toolchain/avr8/avr8-gnu-toolchain/bin/../lib/gcc/avr/4.9.2/../../../../avr/lib/avr6\libm.a(fp_pscB.o)
                              c:/program files (x86)/atmel/studio/7.0/toolchain/avr8/avr8-gnu-toolchain/bin/../lib/gcc/avr/4.9.2/../../../../avr/lib/avr6\libm.a(mulsf3x.o) (__fp_pscB)
c:/program files (x86)/atmel/studio/7.0/toolchain/avr8/avr8-gnu-toolchain/bin/../lib/gcc/avr/4.9.2/../../../../avr/lib/avr6\libm.a(fp_round.o)
                              c:/program files (x86)/atmel/studio/7.0/toolchain/avr8/avr8-gnu-toolchain/bin/../lib/gcc/avr/4.9.2/../../../../avr/lib/avr6\libm.a(mulsf3.o) (__fp_round)
c:/program files (x86)/atmel/studio/7.0/toolchain/avr8/avr8-gnu-toolchain/bin/../lib/gcc/avr/4.9.2/avr6\libgcc.a(_udivmodhi4.o)
                              os.o (__udivmodhi4)
c:/program files (x86)/atmel/studio/7.0/toolchain/avr8/avr8-gnu-toolchain/bin/../lib/gcc/avr/4.9.2/avr6\libgcc.a(_divmodhi4.o)
                              main.o (__divmodhi4)
c:/program files (x86)/atmel/studio/7.0/toolchain/avr8/avr8-gnu-toolchain/bin/../lib/gcc/avr/4.9.2/avr6\libgcc.a(_exit.o)
                              C:/Program Files (x86)/Atmel/Studio/7.0/Packs/atmel/ATmega_DFP/1.0.90/gcc/dev/atmega2560/avr6/crtatmega2560.o (exit)
c:/program files (x86)/atmel/studio/7.0/toolchain/avr8/avr8-gnu-toolchain/bin/../lib/gcc/avr/4.9.2/avr6\libgcc.a(_tablejump2.o)
                              os.o (__tablejump2__)
c:/program files (x86)/atmel/studio/7.0/toolchain/avr8/avr8-gnu-toolchain/bin/../lib/gcc/avr/4.9.2/avr6\libgcc.a(_copy_data.o)
                              control.o (__do_copy_data)
c:/program files (x86)/atmel/studio/7.0/toolchain/avr8/avr8-gnu-toolchain/bin/../lib/gcc/avr/4.9.2/avr6\libgcc.a(_clear_bss.o)
                              control.o (__do_clear_bss)
c:/program files (x86)/atmel/studio/7.0/toolchain/avr8/avr8-gnu-toolchain/bin/../lib/gcc/avr/4.9.2/avr6\libgcc.a(_umulhisi3.o)
                              os.o (__umulhisi3)

Allocating common symbols
Common symbol       size              file

IRwalls             0x1               main.o
IdlePID             0x2               main.o
transmit_lock       0x1               radio/radio.o
light_threshold     0x2               main.o
Auto_DrivePID       0x2               main.o
SleepQueue          0x20              os.o
portL2_Mutex        0x2               main.o
SensePID            0x2               main.o
ReadyQueue          0x20              os.o
virtualwall         0x1               main.o
e2                  0x2               main.o
CurrentSp           0x2               os.o
portL6_Mutex        0x2               main.o
WaitingQueue        0x20              os.o
Man_DrivePID        0x2               main.o
KernelSp            0x2               os.o
InitPID             0x2               main.o
bumper              0x1               main.o
e1                  0x2               main.o

Discarded input sections

 .data          0x00000000        0x0 C:/Program Files (x86)/Atmel/Studio/7.0/Packs/atmel/ATmega_DFP/1.0.90/gcc/dev/atmega2560/avr6/crtatmega2560.o
 .bss           0x00000000        0x0 C:/Program Files (x86)/Atmel/Studio/7.0/Packs/atmel/ATmega_DFP/1.0.90/gcc/dev/atmega2560/avr6/crtatmega2560.o
 .text          0x00000000        0x0 adc/adc.o
 .data          0x00000000        0x0 adc/adc.o
 .bss           0x00000000        0x0 adc/adc.o
 .text          0x00000000        0x0 control.o
 .data          0x00000000        0x0 control.o
 .bss           0x00000000        0x0 control.o
 .text.main_b   0x00000000      0x14a control.o
 .bss.packet    0x00000000       0x20 control.o
 .data.roomba_addr
                0x00000000        0x5 control.o
 .data          0x00000000        0x0 cswitch.o
 .bss           0x00000000        0x0 cswitch.o
 .text          0x00000000        0x0 lcd/lcd_drv.o
 .data          0x00000000        0x0 lcd/lcd_drv.o
 .bss           0x00000000        0x0 lcd/lcd_drv.o
 .text.lcd_nibble
                0x00000000       0x4e lcd/lcd_drv.o
 .text.lcd_command
                0x00000000       0x4a lcd/lcd_drv.o
 .text.lcd_putchar
                0x00000000       0x4a lcd/lcd_drv.o
 .text.lcd_puts
                0x00000000       0x1e lcd/lcd_drv.o
 .text.lcd_blank
                0x00000000       0x16 lcd/lcd_drv.o
 .text.lcd_init
                0x00000000       0xa4 lcd/lcd_drv.o
 .data.lcd_pos  0x00000000        0x1 lcd/lcd_drv.o
 .debug_info    0x00000000      0x628 lcd/lcd_drv.o
 .debug_abbrev  0x00000000      0x1c8 lcd/lcd_drv.o
 .debug_loc     0x00000000      0x26c lcd/lcd_drv.o
 .debug_aranges
                0x00000000       0x48 lcd/lcd_drv.o
 .debug_ranges  0x00000000       0x38 lcd/lcd_drv.o
 .debug_line    0x00000000      0x324 lcd/lcd_drv.o
 .debug_str     0x00000000      0x23f lcd/lcd_drv.o
 .comment       0x00000000       0x31 lcd/lcd_drv.o
 .debug_frame   0x00000000       0x98 lcd/lcd_drv.o
 .text          0x00000000        0x0 LED_Test.o
 .data          0x00000000        0x0 LED_Test.o
 .bss           0x00000000        0x0 LED_Test.o
 .text.init_LED_PORTL_pin7
                0x00000000        0xc LED_Test.o
 .text.toggle_LED
                0x00000000       0x1a LED_Test.o
 .text          0x00000000        0x0 main.o
 .data          0x00000000        0x0 main.o
 .bss           0x00000000        0x0 main.o
 .text.Init_Drive
                0x00000000       0x16 main.o
 .text.Auto_Drive
                0x00000000        0x4 main.o
 .text          0x00000000        0x0 os.o
 .data          0x00000000        0x0 os.o
 .bss           0x00000000        0x0 os.o
 .text.Mutex_Init
                0x00000000       0x36 os.o
 .text.Mutex_Lock
                0x00000000       0x2c os.o
 .text.Mutex_Unlock
                0x00000000       0x2c os.o
 .text.Event_Init
                0x00000000       0x36 os.o
 .text.Event_Wait
                0x00000000       0x2c os.o
 .text.Event_Signal
                0x00000000       0x2c os.o
 .text.Task_Sleep
                0x00000000       0x8c os.o
 .text.Task_Suspend
                0x00000000       0x2c os.o
 .text.Task_Resume
                0x00000000       0x2c os.o
 .text.Task_GetArg
                0x00000000       0x12 os.o
 .text          0x00000000        0x0 queue.o
 .data          0x00000000        0x0 queue.o
 .bss           0x00000000        0x0 queue.o
 .text.isFull   0x00000000       0x16 queue.o
 .text.isEmpty  0x00000000       0x14 queue.o
 .text          0x00000000        0x0 radio/radio.o
 .data          0x00000000        0x0 radio/radio.o
 .bss           0x00000000        0x0 radio/radio.o
 .text.send_instruction
                0x00000000       0x42 radio/radio.o
 .text._set_tx_mode
                0x00000000       0x48 radio/radio.o
 .text._config  0x00000000       0x8e radio/radio.o
 .text.Radio_Init
                0x00000000       0x32 radio/radio.o
 .text.Radio_Configure_Rx
                0x00000000      0x12e radio/radio.o
 .text.Radio_Set_Tx_Addr
                0x00000000       0x34 radio/radio.o
 .text.Radio_Configure
                0x00000000       0x5a radio/radio.o
 .text.Radio_Transmit
                0x00000000       0x52 radio/radio.o
 .text.Radio_Receive
                0x00000000       0x60 radio/radio.o
 .text.Radio_Drop_Rate
                0x00000000       0x44 radio/radio.o
 .data.tx_address
                0x00000000        0x5 radio/radio.o
 .text          0x00000000        0x0 radio/spi.o
 .data          0x00000000        0x0 radio/spi.o
 .bss           0x00000000        0x0 radio/spi.o
 .text.SPI_Init
                0x00000000       0x10 radio/spi.o
 .text          0x00000000        0x0 roomba/roomba.o
 .data          0x00000000        0x0 roomba/roomba.o
 .bss           0x00000000        0x0 roomba/roomba.o
 .text.update_leds
                0x00000000       0x66 roomba/roomba.o
 .text.Roomba_UpdateSensorPacket
                0x00000000      0x1d4 roomba/roomba.o
 .text.Roomba_ChangeState
                0x00000000       0x6a roomba/roomba.o
 .text.Roomba_ConfigPowerLED
                0x00000000        0xe roomba/roomba.o
 .text.Roomba_ConfigStatusLED
                0x00000000        0xa roomba/roomba.o
 .text.Roomba_ConfigSpotLED
                0x00000000        0xa roomba/roomba.o
 .text.Roomba_ConfigCleanLED
                0x00000000        0xa roomba/roomba.o
 .text.Roomba_ConfigMaxLED
                0x00000000        0xa roomba/roomba.o
 .text.Roomba_ConfigDirtDetectLED
                0x00000000        0xa roomba/roomba.o
 .text.Roomba_LoadSong
                0x00000000       0x86 roomba/roomba.o
 .text.Roomba_PlaySong
                0x00000000       0x1c roomba/roomba.o
 .text.Roomba_BumperActivated
                0x00000000        0xe roomba/roomba.o
 .data.state    0x00000000        0x1 roomba/roomba.o
 .data.power_intensity
                0x00000000        0x1 roomba/roomba.o
 .bss.power_colour
                0x00000000        0x1 roomba/roomba.o
 .bss.dd        0x00000000        0x1 roomba/roomba.o
 .bss.max       0x00000000        0x1 roomba/roomba.o
 .bss.clean     0x00000000        0x1 roomba/roomba.o
 .bss.spot      0x00000000        0x1 roomba/roomba.o
 .bss.status    0x00000000        0x1 roomba/roomba.o
 .text          0x00000000        0x0 uart/uart.o
 .data          0x00000000        0x0 uart/uart.o
 .bss           0x00000000        0x0 uart/uart.o
 .text.uart_send_string
                0x00000000       0x2a uart/uart.o
 .text          0x00000000        0x0 c:/program files (x86)/atmel/studio/7.0/toolchain/avr8/avr8-gnu-toolchain/bin/../lib/gcc/avr/4.9.2/../../../../avr/lib/avr6\libm.a(fixsfsi.o)
 .data          0x00000000        0x0 c:/program files (x86)/atmel/studio/7.0/toolchain/avr8/avr8-gnu-toolchain/bin/../lib/gcc/avr/4.9.2/../../../../avr/lib/avr6\libm.a(fixsfsi.o)
 .bss           0x00000000        0x0 c:/program files (x86)/atmel/studio/7.0/toolchain/avr8/avr8-gnu-toolchain/bin/../lib/gcc/avr/4.9.2/../../../../avr/lib/avr6\libm.a(fixsfsi.o)
 .text          0x00000000        0x0 c:/program files (x86)/atmel/studio/7.0/toolchain/avr8/avr8-gnu-toolchain/bin/../lib/gcc/avr/4.9.2/../../../../avr/lib/avr6\libm.a(fixunssfsi.o)
 .data          0x00000000        0x0 c:/program files (x86)/atmel/studio/7.0/toolchain/avr8/avr8-gnu-toolchain/bin/../lib/gcc/avr/4.9.2/../../../../avr/lib/avr6\libm.a(fixunssfsi.o)
 .bss           0x00000000        0x0 c:/program files (x86)/atmel/studio/7.0/toolchain/avr8/avr8-gnu-toolchain/bin/../lib/gcc/avr/4.9.2/../../../../avr/lib/avr6\libm.a(fixunssfsi.o)
 .text          0x00000000        0x0 c:/program files (x86)/atmel/studio/7.0/toolchain/avr8/avr8-gnu-toolchain/bin/../lib/gcc/avr/4.9.2/../../../../avr/lib/avr6\libm.a(floatsisf.o)
 .data          0x00000000        0x0 c:/program files (x86)/atmel/studio/7.0/toolchain/avr8/avr8-gnu-toolchain/bin/../lib/gcc/avr/4.9.2/../../../../avr/lib/avr6\libm.a(floatsisf.o)
 .bss           0x00000000        0x0 c:/program files (x86)/atmel/studio/7.0/toolchain/avr8/avr8-gnu-toolchain/bin/../lib/gcc/avr/4.9.2/../../../../avr/lib/avr6\libm.a(floatsisf.o)
 .text          0x00000000        0x0 c:/program files (x86)/atmel/studio/7.0/toolchain/avr8/avr8-gnu-toolchain/bin/../lib/gcc/avr/4.9.2/../../../../avr/lib/avr6\libm.a(fp_split3.o)
 .data          0x00000000        0x0 c:/program files (x86)/atmel/studio/7.0/toolchain/avr8/avr8-gnu-toolchain/bin/../lib/gcc/avr/4.9.2/../../../../avr/lib/avr6\libm.a(fp_split3.o)
 .bss           0x00000000        0x0 c:/program files (x86)/atmel/studio/7.0/toolchain/avr8/avr8-gnu-toolchain/bin/../lib/gcc/avr/4.9.2/../../../../avr/lib/avr6\libm.a(fp_split3.o)
 .text          0x00000000        0x0 c:/program files (x86)/atmel/studio/7.0/toolchain/avr8/avr8-gnu-toolchain/bin/../lib/gcc/avr/4.9.2/../../../../avr/lib/avr6\libm.a(fp_zero.o)
 .data          0x00000000        0x0 c:/program files (x86)/atmel/studio/7.0/toolchain/avr8/avr8-gnu-toolchain/bin/../lib/gcc/avr/4.9.2/../../../../avr/lib/avr6\libm.a(fp_zero.o)
 .bss           0x00000000        0x0 c:/program files (x86)/atmel/studio/7.0/toolchain/avr8/avr8-gnu-toolchain/bin/../lib/gcc/avr/4.9.2/../../../../avr/lib/avr6\libm.a(fp_zero.o)
 .text          0x00000000        0x0 c:/program files (x86)/atmel/studio/7.0/toolchain/avr8/avr8-gnu-toolchain/bin/../lib/gcc/avr/4.9.2/../../../../avr/lib/avr6\libm.a(mulsf3.o)
 .data          0x00000000        0x0 c:/program files (x86)/atmel/studio/7.0/toolchain/avr8/avr8-gnu-toolchain/bin/../lib/gcc/avr/4.9.2/../../../../avr/lib/avr6\libm.a(mulsf3.o)
 .bss           0x00000000        0x0 c:/program files (x86)/atmel/studio/7.0/toolchain/avr8/avr8-gnu-toolchain/bin/../lib/gcc/avr/4.9.2/../../../../avr/lib/avr6\libm.a(mulsf3.o)
 .text          0x00000000        0x0 c:/program files (x86)/atmel/studio/7.0/toolchain/avr8/avr8-gnu-toolchain/bin/../lib/gcc/avr/4.9.2/../../../../avr/lib/avr6\libm.a(mulsf3x.o)
 .data          0x00000000        0x0 c:/program files (x86)/atmel/studio/7.0/toolchain/avr8/avr8-gnu-toolchain/bin/../lib/gcc/avr/4.9.2/../../../../avr/lib/avr6\libm.a(mulsf3x.o)
 .bss           0x00000000        0x0 c:/program files (x86)/atmel/studio/7.0/toolchain/avr8/avr8-gnu-toolchain/bin/../lib/gcc/avr/4.9.2/../../../../avr/lib/avr6\libm.a(mulsf3x.o)
 .text          0x00000000        0x0 c:/program files (x86)/atmel/studio/7.0/toolchain/avr8/avr8-gnu-toolchain/bin/../lib/gcc/avr/4.9.2/../../../../avr/lib/avr6\libm.a(fp_inf.o)
 .data          0x00000000        0x0 c:/program files (x86)/atmel/studio/7.0/toolchain/avr8/avr8-gnu-toolchain/bin/../lib/gcc/avr/4.9.2/../../../../avr/lib/avr6\libm.a(fp_inf.o)
 .bss           0x00000000        0x0 c:/program files (x86)/atmel/studio/7.0/toolchain/avr8/avr8-gnu-toolchain/bin/../lib/gcc/avr/4.9.2/../../../../avr/lib/avr6\libm.a(fp_inf.o)
 .text          0x00000000        0x0 c:/program files (x86)/atmel/studio/7.0/toolchain/avr8/avr8-gnu-toolchain/bin/../lib/gcc/avr/4.9.2/../../../../avr/lib/avr6\libm.a(fp_nan.o)
 .data          0x00000000        0x0 c:/program files (x86)/atmel/studio/7.0/toolchain/avr8/avr8-gnu-toolchain/bin/../lib/gcc/avr/4.9.2/../../../../avr/lib/avr6\libm.a(fp_nan.o)
 .bss           0x00000000        0x0 c:/program files (x86)/atmel/studio/7.0/toolchain/avr8/avr8-gnu-toolchain/bin/../lib/gcc/avr/4.9.2/../../../../avr/lib/avr6\libm.a(fp_nan.o)
 .text          0x00000000        0x0 c:/program files (x86)/atmel/studio/7.0/toolchain/avr8/avr8-gnu-toolchain/bin/../lib/gcc/avr/4.9.2/../../../../avr/lib/avr6\libm.a(fp_pscA.o)
 .data          0x00000000        0x0 c:/program files (x86)/atmel/studio/7.0/toolchain/avr8/avr8-gnu-toolchain/bin/../lib/gcc/avr/4.9.2/../../../../avr/lib/avr6\libm.a(fp_pscA.o)
 .bss           0x00000000        0x0 c:/program files (x86)/atmel/studio/7.0/toolchain/avr8/avr8-gnu-toolchain/bin/../lib/gcc/avr/4.9.2/../../../../avr/lib/avr6\libm.a(fp_pscA.o)
 .text          0x00000000        0x0 c:/program files (x86)/atmel/studio/7.0/toolchain/avr8/avr8-gnu-toolchain/bin/../lib/gcc/avr/4.9.2/../../../../avr/lib/avr6\libm.a(fp_pscB.o)
 .data          0x00000000        0x0 c:/program files (x86)/atmel/studio/7.0/toolchain/avr8/avr8-gnu-toolchain/bin/../lib/gcc/avr/4.9.2/../../../../avr/lib/avr6\libm.a(fp_pscB.o)
 .bss           0x00000000        0x0 c:/program files (x86)/atmel/studio/7.0/toolchain/avr8/avr8-gnu-toolchain/bin/../lib/gcc/avr/4.9.2/../../../../avr/lib/avr6\libm.a(fp_pscB.o)
 .text          0x00000000        0x0 c:/program files (x86)/atmel/studio/7.0/toolchain/avr8/avr8-gnu-toolchain/bin/../lib/gcc/avr/4.9.2/../../../../avr/lib/avr6\libm.a(fp_round.o)
 .data          0x00000000        0x0 c:/program files (x86)/atmel/studio/7.0/toolchain/avr8/avr8-gnu-toolchain/bin/../lib/gcc/avr/4.9.2/../../../../avr/lib/avr6\libm.a(fp_round.o)
 .bss           0x00000000        0x0 c:/program files (x86)/atmel/studio/7.0/toolchain/avr8/avr8-gnu-toolchain/bin/../lib/gcc/avr/4.9.2/../../../../avr/lib/avr6\libm.a(fp_round.o)
 .text          0x00000000        0x0 c:/program files (x86)/atmel/studio/7.0/toolchain/avr8/avr8-gnu-toolchain/bin/../lib/gcc/avr/4.9.2/avr6\libgcc.a(_udivmodhi4.o)
 .data          0x00000000        0x0 c:/program files (x86)/atmel/studio/7.0/toolchain/avr8/avr8-gnu-toolchain/bin/../lib/gcc/avr/4.9.2/avr6\libgcc.a(_udivmodhi4.o)
 .bss           0x00000000        0x0 c:/program files (x86)/atmel/studio/7.0/toolchain/avr8/avr8-gnu-toolchain/bin/../lib/gcc/avr/4.9.2/avr6\libgcc.a(_udivmodhi4.o)
 .text.libgcc.mul
                0x00000000        0x0 c:/program files (x86)/atmel/studio/7.0/toolchain/avr8/avr8-gnu-toolchain/bin/../lib/gcc/avr/4.9.2/avr6\libgcc.a(_udivmodhi4.o)
 .text.libgcc   0x00000000        0x0 c:/program files (x86)/atmel/studio/7.0/toolchain/avr8/avr8-gnu-toolchain/bin/../lib/gcc/avr/4.9.2/avr6\libgcc.a(_udivmodhi4.o)
 .text.libgcc.prologue
                0x00000000        0x0 c:/program files (x86)/atmel/studio/7.0/toolchain/avr8/avr8-gnu-toolchain/bin/../lib/gcc/avr/4.9.2/avr6\libgcc.a(_udivmodhi4.o)
 .text.libgcc.builtins
                0x00000000        0x0 c:/program files (x86)/atmel/studio/7.0/toolchain/avr8/avr8-gnu-toolchain/bin/../lib/gcc/avr/4.9.2/avr6\libgcc.a(_udivmodhi4.o)
 .text.libgcc.fmul
                0x00000000        0x0 c:/program files (x86)/atmel/studio/7.0/toolchain/avr8/avr8-gnu-toolchain/bin/../lib/gcc/avr/4.9.2/avr6\libgcc.a(_udivmodhi4.o)
 .text.libgcc.fixed
                0x00000000        0x0 c:/program files (x86)/atmel/studio/7.0/toolchain/avr8/avr8-gnu-toolchain/bin/../lib/gcc/avr/4.9.2/avr6\libgcc.a(_udivmodhi4.o)
 .text          0x00000000        0x0 c:/program files (x86)/atmel/studio/7.0/toolchain/avr8/avr8-gnu-toolchain/bin/../lib/gcc/avr/4.9.2/avr6\libgcc.a(_divmodhi4.o)
 .data          0x00000000        0x0 c:/program files (x86)/atmel/studio/7.0/toolchain/avr8/avr8-gnu-toolchain/bin/../lib/gcc/avr/4.9.2/avr6\libgcc.a(_divmodhi4.o)
 .bss           0x00000000        0x0 c:/program files (x86)/atmel/studio/7.0/toolchain/avr8/avr8-gnu-toolchain/bin/../lib/gcc/avr/4.9.2/avr6\libgcc.a(_divmodhi4.o)
 .text.libgcc.mul
                0x00000000        0x0 c:/program files (x86)/atmel/studio/7.0/toolchain/avr8/avr8-gnu-toolchain/bin/../lib/gcc/avr/4.9.2/avr6\libgcc.a(_divmodhi4.o)
 .text.libgcc   0x00000000        0x0 c:/program files (x86)/atmel/studio/7.0/toolchain/avr8/avr8-gnu-toolchain/bin/../lib/gcc/avr/4.9.2/avr6\libgcc.a(_divmodhi4.o)
 .text.libgcc.prologue
                0x00000000        0x0 c:/program files (x86)/atmel/studio/7.0/toolchain/avr8/avr8-gnu-toolchain/bin/../lib/gcc/avr/4.9.2/avr6\libgcc.a(_divmodhi4.o)
 .text.libgcc.builtins
                0x00000000        0x0 c:/program files (x86)/atmel/studio/7.0/toolchain/avr8/avr8-gnu-toolchain/bin/../lib/gcc/avr/4.9.2/avr6\libgcc.a(_divmodhi4.o)
 .text.libgcc.fmul
                0x00000000        0x0 c:/program files (x86)/atmel/studio/7.0/toolchain/avr8/avr8-gnu-toolchain/bin/../lib/gcc/avr/4.9.2/avr6\libgcc.a(_divmodhi4.o)
 .text.libgcc.fixed
                0x00000000        0x0 c:/program files (x86)/atmel/studio/7.0/toolchain/avr8/avr8-gnu-toolchain/bin/../lib/gcc/avr/4.9.2/avr6\libgcc.a(_divmodhi4.o)
 .text          0x00000000        0x0 c:/program files (x86)/atmel/studio/7.0/toolchain/avr8/avr8-gnu-toolchain/bin/../lib/gcc/avr/4.9.2/avr6\libgcc.a(_exit.o)
 .data          0x00000000        0x0 c:/program files (x86)/atmel/studio/7.0/toolchain/avr8/avr8-gnu-toolchain/bin/../lib/gcc/avr/4.9.2/avr6\libgcc.a(_exit.o)
 .bss           0x00000000        0x0 c:/program files (x86)/atmel/studio/7.0/toolchain/avr8/avr8-gnu-toolchain/bin/../lib/gcc/avr/4.9.2/avr6\libgcc.a(_exit.o)
 .text.libgcc.mul
                0x00000000        0x0 c:/program files (x86)/atmel/studio/7.0/toolchain/avr8/avr8-gnu-toolchain/bin/../lib/gcc/avr/4.9.2/avr6\libgcc.a(_exit.o)
 .text.libgcc.div
                0x00000000        0x0 c:/program files (x86)/atmel/studio/7.0/toolchain/avr8/avr8-gnu-toolchain/bin/../lib/gcc/avr/4.9.2/avr6\libgcc.a(_exit.o)
 .text.libgcc   0x00000000        0x0 c:/program files (x86)/atmel/studio/7.0/toolchain/avr8/avr8-gnu-toolchain/bin/../lib/gcc/avr/4.9.2/avr6\libgcc.a(_exit.o)
 .text.libgcc.prologue
                0x00000000        0x0 c:/program files (x86)/atmel/studio/7.0/toolchain/avr8/avr8-gnu-toolchain/bin/../lib/gcc/avr/4.9.2/avr6\libgcc.a(_exit.o)
 .text.libgcc.builtins
                0x00000000        0x0 c:/program files (x86)/atmel/studio/7.0/toolchain/avr8/avr8-gnu-toolchain/bin/../lib/gcc/avr/4.9.2/avr6\libgcc.a(_exit.o)
 .text.libgcc.fmul
                0x00000000        0x0 c:/program files (x86)/atmel/studio/7.0/toolchain/avr8/avr8-gnu-toolchain/bin/../lib/gcc/avr/4.9.2/avr6\libgcc.a(_exit.o)
 .text.libgcc.fixed
                0x00000000        0x0 c:/program files (x86)/atmel/studio/7.0/toolchain/avr8/avr8-gnu-toolchain/bin/../lib/gcc/avr/4.9.2/avr6\libgcc.a(_exit.o)
 .text          0x00000000        0x0 c:/program files (x86)/atmel/studio/7.0/toolchain/avr8/avr8-gnu-toolchain/bin/../lib/gcc/avr/4.9.2/avr6\libgcc.a(_tablejump2.o)
 .data          0x00000000        0x0 c:/program files (x86)/atmel/studio/7.0/toolchain/avr8/avr8-gnu-toolchain/bin/../lib/gcc/avr/4.9.2/avr6\libgcc.a(_tablejump2.o)
 .bss           0x00000000        0x0 c:/program files (x86)/atmel/studio/7.0/toolchain/avr8/avr8-gnu-toolchain/bin/../lib/gcc/avr/4.9.2/avr6\libgcc.a(_tablejump2.o)
 .text.libgcc.mul
                0x00000000        0x0 c:/program files (x86)/atmel/studio/7.0/toolchain/avr8/avr8-gnu-toolchain/bin/../lib/gcc/avr/4.9.2/avr6\libgcc.a(_tablejump2.o)
 .text.libgcc.div
                0x00000000        0x0 c:/program files (x86)/atmel/studio/7.0/toolchain/avr8/avr8-gnu-toolchain/bin/../lib/gcc/avr/4.9.2/avr6\libgcc.a(_tablejump2.o)
 .text.libgcc.prologue
                0x00000000        0x0 c:/program files (x86)/atmel/studio/7.0/toolchain/avr8/avr8-gnu-toolchain/bin/../lib/gcc/avr/4.9.2/avr6\libgcc.a(_tablejump2.o)
 .text.libgcc.builtins
                0x00000000        0x0 c:/program files (x86)/atmel/studio/7.0/toolchain/avr8/avr8-gnu-toolchain/bin/../lib/gcc/avr/4.9.2/avr6\libgcc.a(_tablejump2.o)
 .text.libgcc.fmul
                0x00000000        0x0 c:/program files (x86)/atmel/studio/7.0/toolchain/avr8/avr8-gnu-toolchain/bin/../lib/gcc/avr/4.9.2/avr6\libgcc.a(_tablejump2.o)
 .text.libgcc.fixed
                0x00000000        0x0 c:/program files (x86)/atmel/studio/7.0/toolchain/avr8/avr8-gnu-toolchain/bin/../lib/gcc/avr/4.9.2/avr6\libgcc.a(_tablejump2.o)
 .text          0x00000000        0x0 c:/program files (x86)/atmel/studio/7.0/toolchain/avr8/avr8-gnu-toolchain/bin/../lib/gcc/avr/4.9.2/avr6\libgcc.a(_copy_data.o)
 .data          0x00000000        0x0 c:/program files (x86)/atmel/studio/7.0/toolchain/avr8/avr8-gnu-toolchain/bin/../lib/gcc/avr/4.9.2/avr6\libgcc.a(_copy_data.o)
 .bss           0x00000000        0x0 c:/program files (x86)/atmel/studio/7.0/toolchain/avr8/avr8-gnu-toolchain/bin/../lib/gcc/avr/4.9.2/avr6\libgcc.a(_copy_data.o)
 .text.libgcc.mul
                0x00000000        0x0 c:/program files (x86)/atmel/studio/7.0/toolchain/avr8/avr8-gnu-toolchain/bin/../lib/gcc/avr/4.9.2/avr6\libgcc.a(_copy_data.o)
 .text.libgcc.div
                0x00000000        0x0 c:/program files (x86)/atmel/studio/7.0/toolchain/avr8/avr8-gnu-toolchain/bin/../lib/gcc/avr/4.9.2/avr6\libgcc.a(_copy_data.o)
 .text.libgcc   0x00000000        0x0 c:/program files (x86)/atmel/studio/7.0/toolchain/avr8/avr8-gnu-toolchain/bin/../lib/gcc/avr/4.9.2/avr6\libgcc.a(_copy_data.o)
 .text.libgcc.prologue
                0x00000000        0x0 c:/program files (x86)/atmel/studio/7.0/toolchain/avr8/avr8-gnu-toolchain/bin/../lib/gcc/avr/4.9.2/avr6\libgcc.a(_copy_data.o)
 .text.libgcc.builtins
                0x00000000        0x0 c:/program files (x86)/atmel/studio/7.0/toolchain/avr8/avr8-gnu-toolchain/bin/../lib/gcc/avr/4.9.2/avr6\libgcc.a(_copy_data.o)
 .text.libgcc.fmul
                0x00000000        0x0 c:/program files (x86)/atmel/studio/7.0/toolchain/avr8/avr8-gnu-toolchain/bin/../lib/gcc/avr/4.9.2/avr6\libgcc.a(_copy_data.o)
 .text.libgcc.fixed
                0x00000000        0x0 c:/program files (x86)/atmel/studio/7.0/toolchain/avr8/avr8-gnu-toolchain/bin/../lib/gcc/avr/4.9.2/avr6\libgcc.a(_copy_data.o)
 .text          0x00000000        0x0 c:/program files (x86)/atmel/studio/7.0/toolchain/avr8/avr8-gnu-toolchain/bin/../lib/gcc/avr/4.9.2/avr6\libgcc.a(_clear_bss.o)
 .data          0x00000000        0x0 c:/program files (x86)/atmel/studio/7.0/toolchain/avr8/avr8-gnu-toolchain/bin/../lib/gcc/avr/4.9.2/avr6\libgcc.a(_clear_bss.o)
 .bss           0x00000000        0x0 c:/program files (x86)/atmel/studio/7.0/toolchain/avr8/avr8-gnu-toolchain/bin/../lib/gcc/avr/4.9.2/avr6\libgcc.a(_clear_bss.o)
 .text.libgcc.mul
                0x00000000        0x0 c:/program files (x86)/atmel/studio/7.0/toolchain/avr8/avr8-gnu-toolchain/bin/../lib/gcc/avr/4.9.2/avr6\libgcc.a(_clear_bss.o)
 .text.libgcc.div
                0x00000000        0x0 c:/program files (x86)/atmel/studio/7.0/toolchain/avr8/avr8-gnu-toolchain/bin/../lib/gcc/avr/4.9.2/avr6\libgcc.a(_clear_bss.o)
 .text.libgcc   0x00000000        0x0 c:/program files (x86)/atmel/studio/7.0/toolchain/avr8/avr8-gnu-toolchain/bin/../lib/gcc/avr/4.9.2/avr6\libgcc.a(_clear_bss.o)
 .text.libgcc.prologue
                0x00000000        0x0 c:/program files (x86)/atmel/studio/7.0/toolchain/avr8/avr8-gnu-toolchain/bin/../lib/gcc/avr/4.9.2/avr6\libgcc.a(_clear_bss.o)
 .text.libgcc.builtins
                0x00000000        0x0 c:/program files (x86)/atmel/studio/7.0/toolchain/avr8/avr8-gnu-toolchain/bin/../lib/gcc/avr/4.9.2/avr6\libgcc.a(_clear_bss.o)
 .text.libgcc.fmul
                0x00000000        0x0 c:/program files (x86)/atmel/studio/7.0/toolchain/avr8/avr8-gnu-toolchain/bin/../lib/gcc/avr/4.9.2/avr6\libgcc.a(_clear_bss.o)
 .text.libgcc.fixed
                0x00000000        0x0 c:/program files (x86)/atmel/studio/7.0/toolchain/avr8/avr8-gnu-toolchain/bin/../lib/gcc/avr/4.9.2/avr6\libgcc.a(_clear_bss.o)
 .text          0x00000000        0x0 c:/program files (x86)/atmel/studio/7.0/toolchain/avr8/avr8-gnu-toolchain/bin/../lib/gcc/avr/4.9.2/avr6\libgcc.a(_umulhisi3.o)
 .data          0x00000000        0x0 c:/program files (x86)/atmel/studio/7.0/toolchain/avr8/avr8-gnu-toolchain/bin/../lib/gcc/avr/4.9.2/avr6\libgcc.a(_umulhisi3.o)
 .bss           0x00000000        0x0 c:/program files (x86)/atmel/studio/7.0/toolchain/avr8/avr8-gnu-toolchain/bin/../lib/gcc/avr/4.9.2/avr6\libgcc.a(_umulhisi3.o)
 .text.libgcc.mul
                0x00000000       0x1e c:/program files (x86)/atmel/studio/7.0/toolchain/avr8/avr8-gnu-toolchain/bin/../lib/gcc/avr/4.9.2/avr6\libgcc.a(_umulhisi3.o)
 .text.libgcc.div
                0x00000000        0x0 c:/program files (x86)/atmel/studio/7.0/toolchain/avr8/avr8-gnu-toolchain/bin/../lib/gcc/avr/4.9.2/avr6\libgcc.a(_umulhisi3.o)
 .text.libgcc   0x00000000        0x0 c:/program files (x86)/atmel/studio/7.0/toolchain/avr8/avr8-gnu-toolchain/bin/../lib/gcc/avr/4.9.2/avr6\libgcc.a(_umulhisi3.o)
 .text.libgcc.prologue
                0x00000000        0x0 c:/program files (x86)/atmel/studio/7.0/toolchain/avr8/avr8-gnu-toolchain/bin/../lib/gcc/avr/4.9.2/avr6\libgcc.a(_umulhisi3.o)
 .text.libgcc.builtins
                0x00000000        0x0 c:/program files (x86)/atmel/studio/7.0/toolchain/avr8/avr8-gnu-toolchain/bin/../lib/gcc/avr/4.9.2/avr6\libgcc.a(_umulhisi3.o)
 .text.libgcc.fmul
                0x00000000        0x0 c:/program files (x86)/atmel/studio/7.0/toolchain/avr8/avr8-gnu-toolchain/bin/../lib/gcc/avr/4.9.2/avr6\libgcc.a(_umulhisi3.o)
 .text.libgcc.fixed
                0x00000000        0x0 c:/program files (x86)/atmel/studio/7.0/toolchain/avr8/avr8-gnu-toolchain/bin/../lib/gcc/avr/4.9.2/avr6\libgcc.a(_umulhisi3.o)

Memory Configuration

Name             Origin             Length             Attributes
text             0x00000000         0x00100000         xr
data             0x00800200         0x0000fe00         rw !x
eeprom           0x00810000         0x00010000         rw !x
fuse             0x00820000         0x00000400         rw !x
lock             0x00830000         0x00000400         rw !x
signature        0x00840000         0x00000400         rw !x
user_signatures  0x00850000         0x00000400         rw !x
*default*        0x00000000         0xffffffff

Linker script and memory map

Address of section .data set to 0x800200
LOAD C:/Program Files (x86)/Atmel/Studio/7.0/Packs/atmel/ATmega_DFP/1.0.90/gcc/dev/atmega2560/avr6/crtatmega2560.o
LOAD adc/adc.o
LOAD control.o
LOAD cswitch.o
LOAD lcd/lcd_drv.o
LOAD LED_Test.o
LOAD main.o
LOAD os.o
LOAD queue.o
LOAD radio/radio.o
LOAD radio/spi.o
LOAD roomba/roomba.o
LOAD uart/uart.o
START GROUP
LOAD c:/program files (x86)/atmel/studio/7.0/toolchain/avr8/avr8-gnu-toolchain/bin/../lib/gcc/avr/4.9.2/../../../../avr/lib/avr6\libm.a
END GROUP
START GROUP
LOAD c:/program files (x86)/atmel/studio/7.0/toolchain/avr8/avr8-gnu-toolchain/bin/../lib/gcc/avr/4.9.2/avr6\libgcc.a
LOAD c:/program files (x86)/atmel/studio/7.0/toolchain/avr8/avr8-gnu-toolchain/bin/../lib/gcc/avr/4.9.2/../../../../avr/lib/avr6\libm.a
LOAD c:/program files (x86)/atmel/studio/7.0/toolchain/avr8/avr8-gnu-toolchain/bin/../lib/gcc/avr/4.9.2/../../../../avr/lib/avr6\libc.a
LOAD C:/Program Files (x86)/Atmel/Studio/7.0/Packs/atmel/ATmega_DFP/1.0.90/gcc/dev/atmega2560/avr6\libatmega2560.a
END GROUP

.hash
 *(.hash)

.dynsym
 *(.dynsym)

.dynstr
 *(.dynstr)

.gnu.version
 *(.gnu.version)

.gnu.version_d
 *(.gnu.version_d)

.gnu.version_r
 *(.gnu.version_r)

.rel.init
 *(.rel.init)

.rela.init
 *(.rela.init)

.rel.text
 *(.rel.text)
 *(.rel.text.*)
 *(.rel.gnu.linkonce.t*)

.rela.text
 *(.rela.text)
 *(.rela.text.*)
 *(.rela.gnu.linkonce.t*)

.rel.fini
 *(.rel.fini)

.rela.fini
 *(.rela.fini)

.rel.rodata
 *(.rel.rodata)
 *(.rel.rodata.*)
 *(.rel.gnu.linkonce.r*)

.rela.rodata
 *(.rela.rodata)
 *(.rela.rodata.*)
 *(.rela.gnu.linkonce.r*)

.rel.data
 *(.rel.data)
 *(.rel.data.*)
 *(.rel.gnu.linkonce.d*)

.rela.data
 *(.rela.data)
 *(.rela.data.*)
 *(.rela.gnu.linkonce.d*)

.rel.ctors
 *(.rel.ctors)

.rela.ctors
 *(.rela.ctors)

.rel.dtors
 *(.rel.dtors)

.rela.dtors
 *(.rela.dtors)

.rel.got
 *(.rel.got)

.rela.got
 *(.rela.got)

.rel.bss
 *(.rel.bss)

.rela.bss
 *(.rela.bss)

.rel.plt
 *(.rel.plt)

.rela.plt
 *(.rela.plt)

.text           0x00000000     0x221a
 *(.vectors)
 .vectors       0x00000000       0xe4 C:/Program Files (x86)/Atmel/Studio/7.0/Packs/atmel/ATmega_DFP/1.0.90/gcc/dev/atmega2560/avr6/crtatmega2560.o
                0x00000000                __vector_default
                0x00000000                __vectors
 *(.vectors)
 *(.progmem.gcc*)
 .progmem.gcc_sw_table.OS_Start
                0x000000e4       0x1a os.o
                0x000000fe                . = ALIGN (0x2)
                0x000000fe                __trampolines_start = .
 *(.trampolines)
 .trampolines   0x000000fe        0x0 linker stubs
 *(.trampolines*)
                0x000000fe                __trampolines_end = .
 *(.progmem*)
                0x000000fe                . = ALIGN (0x2)
 *(.jumptables)
 *(.jumptables*)
 *(.lowtext)
 *(.lowtext*)
                0x000000fe                __ctors_start = .
 *(.ctors)
                0x000000fe                __ctors_end = .
                0x000000fe                __dtors_start = .
 *(.dtors)
                0x000000fe                __dtors_end = .
 SORT(*)(.ctors)
 SORT(*)(.dtors)
 *(.init0)
 .init0         0x000000fe        0x0 C:/Program Files (x86)/Atmel/Studio/7.0/Packs/atmel/ATmega_DFP/1.0.90/gcc/dev/atmega2560/avr6/crtatmega2560.o
                0x000000fe                __init
 *(.init0)
 *(.init1)
 *(.init1)
 *(.init2)
 .init2         0x000000fe       0x10 C:/Program Files (x86)/Atmel/Studio/7.0/Packs/atmel/ATmega_DFP/1.0.90/gcc/dev/atmega2560/avr6/crtatmega2560.o
 *(.init2)
 *(.init3)
 *(.init3)
 *(.init4)
 .init4         0x0000010e       0x1a c:/program files (x86)/atmel/studio/7.0/toolchain/avr8/avr8-gnu-toolchain/bin/../lib/gcc/avr/4.9.2/avr6\libgcc.a(_copy_data.o)
                0x0000010e                __do_copy_data
 .init4         0x00000128       0x10 c:/program files (x86)/atmel/studio/7.0/toolchain/avr8/avr8-gnu-toolchain/bin/../lib/gcc/avr/4.9.2/avr6\libgcc.a(_clear_bss.o)
                0x00000128                __do_clear_bss
 *(.init4)
 *(.init5)
 *(.init5)
 *(.init6)
 *(.init6)
 *(.init7)
 *(.init7)
 *(.init8)
 *(.init8)
 *(.init9)
 .init9         0x00000138        0x8 C:/Program Files (x86)/Atmel/Studio/7.0/Packs/atmel/ATmega_DFP/1.0.90/gcc/dev/atmega2560/avr6/crtatmega2560.o
 *(.init9)
 *(.text)
 .text          0x00000140        0x2 C:/Program Files (x86)/Atmel/Studio/7.0/Packs/atmel/ATmega_DFP/1.0.90/gcc/dev/atmega2560/avr6/crtatmega2560.o
                0x00000140                __vector_38
                0x00000140                __vector_22
                0x00000140                __vector_28
                0x00000140                __vector_34
                0x00000140                __vector_24
                0x00000140                __vector_12
                0x00000140                __vector_55
                0x00000140                __vector_46
                0x00000140                __bad_interrupt
                0x00000140                __vector_6
                0x00000140                __vector_31
                0x00000140                __vector_35
                0x00000140                __vector_39
                0x00000140                __vector_3
                0x00000140                __vector_23
                0x00000140                __vector_30
                0x00000140                __vector_45
                0x00000140                __vector_11
                0x00000140                __vector_54
                0x00000140                __vector_13
                0x00000140                __vector_19
                0x00000140                __vector_56
                0x00000140                __vector_7
                0x00000140                __vector_49
                0x00000140                __vector_41
                0x00000140                __vector_43
                0x00000140                __vector_27
                0x00000140                __vector_5
                0x00000140                __vector_33
                0x00000140                __vector_47
                0x00000140                __vector_52
                0x00000140                __vector_37
                0x00000140                __vector_4
                0x00000140                __vector_44
                0x00000140                __vector_51
                0x00000140                __vector_9
                0x00000140                __vector_2
                0x00000140                __vector_21
                0x00000140                __vector_15
                0x00000140                __vector_29
                0x00000140                __vector_40
                0x00000140                __vector_8
                0x00000140                __vector_26
                0x00000140                __vector_48
                0x00000140                __vector_14
                0x00000140                __vector_53
                0x00000140                __vector_10
                0x00000140                __vector_50
                0x00000140                __vector_16
                0x00000140                __vector_18
                0x00000140                __vector_20
                0x00000140                __vector_42
 .text          0x00000142      0x154 cswitch.o
                0x00000142                Exit_Kernel
                0x00000142                CSwitch
                0x000001ec                Enter_Kernel
                0x00000296                . = ALIGN (0x2)
 *(.text.*)
 .text.adc_init
                0x00000296        0xe adc/adc.o
                0x00000296                adc_init
 .text.adc_read
                0x000002a4       0x28 adc/adc.o
                0x000002a4                adc_read
 .text.radio_rxhandler
                0x000002cc       0x24 control.o
                0x000002cc                radio_rxhandler
 .text.init_LED_PORTL_pin0
                0x000002f0        0xc LED_Test.o
                0x000002f0                init_LED_PORTL_pin0
 .text.init_LED_PORTL_pin1
                0x000002fc        0xc LED_Test.o
                0x000002fc                init_LED_PORTL_pin1
 .text.init_LED_PORTL_pin2
                0x00000308        0xc LED_Test.o
                0x00000308                init_LED_PORTL_pin2
 .text.init_LED_PORTL_pin5
                0x00000314        0xc LED_Test.o
                0x00000314                init_LED_PORTL_pin5
 .text.init_LED_PORTL_pin6
                0x00000320        0xc LED_Test.o
                0x00000320                init_LED_PORTL_pin6
 .text.enable_LED
                0x0000032c       0x1a LED_Test.o
                0x0000032c                enable_LED
 .text.disable_LED
                0x00000346       0x1c LED_Test.o
                0x00000346                disable_LED
 .text.Idle     0x00000362        0x2 main.o
                0x00000362                Idle
 .text.Init_Task
                0x00000364       0x56 main.o
                0x00000364                Init_Task
 .text.Man_Drive
                0x000003ba       0xd2 main.o
                0x000003ba                Man_Drive
 .text.Get_Roomba_Data
                0x0000048c      0x10c main.o
                0x0000048c                Get_Roomba_Data
 .text.Sense    0x00000598       0xce main.o
                0x00000598                Sense
 .text.a_main   0x00000666       0x46 main.o
                0x00000666                a_main
 .text.Task_Terminate
                0x000006ac       0x22 os.o
                0x000006ac                Task_Terminate
 .text.Kernel_Create_Task_At
                0x000006ce      0x102 os.o
                0x000006ce                Kernel_Create_Task_At
 .text.Kernel_Create_Task
                0x000007d0       0x60 os.o
 .text.Kernel_Init_Mutex_At
                0x00000830       0x2a os.o
                0x00000830                Kernel_Init_Mutex_At
 .text.Kernel_Init_Event_At
                0x0000085a       0x2e os.o
                0x0000085a                Kernel_Init_Event_At
 .text.OS_Init  0x00000888       0xb2 os.o
                0x00000888                OS_Init
 .text.OS_Abort
                0x0000093a        0x8 os.o
                0x0000093a                OS_Abort
 .text.Dispatch
                0x00000942       0x62 os.o
 .text.Kernel_Unlock_Mutex
                0x000009a4      0x23e os.o
 .text.OS_Start
                0x00000be2      0x874 os.o
                0x00000be2                OS_Start
 .text.Task_Create
                0x00001456       0x4c os.o
                0x00001456                Task_Create
 .text.Task_Next
                0x000014a2       0x24 os.o
                0x000014a2                Task_Next
 .text.setup    0x000014c6       0x7e os.o
                0x000014c6                setup
 .text.__vector_17
                0x00001544      0x1ae os.o
                0x00001544                __vector_17
 .text.__vector_32
                0x000016f2       0x2e os.o
                0x000016f2                __vector_32
 .text.Basic_Init
                0x00001720       0x14 os.o
                0x00001720                Basic_Init
 .text.main     0x00001734       0x18 os.o
                0x00001734                main
 .text.enqueueWQ
                0x0000174c       0x60 queue.o
                0x0000174c                enqueueWQ
 .text.enqueueSQ
                0x000017ac       0xe2 queue.o
                0x000017ac                enqueueSQ
 .text.enqueueRQ
                0x0000188e       0xc6 queue.o
                0x0000188e                enqueueRQ
 .text.dequeueWQ
                0x00001954       0xd0 queue.o
                0x00001954                dequeueWQ
 .text.dequeueRQ
                0x00001a24       0xb0 queue.o
                0x00001a24                dequeueRQ
 .text.dequeue  0x00001ad4       0x38 queue.o
                0x00001ad4                dequeue
 .text._get_status
                0x00001b0c        0xa radio/radio.o
                0x00001b0c                _get_status
 .text._set_register
                0x00001b16       0x2a radio/radio.o
                0x00001b16                _set_register
 .text._get_register
                0x00001b40       0x4a radio/radio.o
                0x00001b40                _get_register
 .text._set_rx_mode
                0x00001b8a       0x44 radio/radio.o
                0x00001b8a                _set_rx_mode
 .text._reset_pipe0_address
                0x00001bce       0x14 radio/radio.o
                0x00001bce                _reset_pipe0_address
 .text.__vector_1
                0x00001be2       0xe4 radio/radio.o
                0x00001be2                __vector_1
 .text.SPI_ReadWrite_Block
                0x00001cc6       0x2e radio/spi.o
                0x00001cc6                SPI_ReadWrite_Block
 .text.SPI_Write_Block
                0x00001cf4       0x26 radio/spi.o
                0x00001cf4                SPI_Write_Block
 .text.SPI_Write_Byte
                0x00001d1a        0xc radio/spi.o
                0x00001d1a                SPI_Write_Byte
 .text.Roomba_Init
                0x00001d26       0xa2 roomba/roomba.o
                0x00001d26                Roomba_Init
 .text.Roomba_Drive
                0x00001dc8       0x42 roomba/roomba.o
                0x00001dc8                Roomba_Drive
 .text.uart_init
                0x00001e0a       0x40 uart/uart.o
                0x00001e0a                uart_init
 .text.uart_putchar
                0x00001e4a       0x24 uart/uart.o
                0x00001e4a                uart_putchar
 .text.uart_get_byte
                0x00001e6e       0x22 uart/uart.o
                0x00001e6e                uart_get_byte
 .text.uart_bytes_received
                0x00001e90       0x10 uart/uart.o
                0x00001e90                uart_bytes_received
 .text.uart_reset_receive
                0x00001ea0       0x10 uart/uart.o
                0x00001ea0                uart_reset_receive
 .text.__vector_25
                0x00001eb0       0x62 uart/uart.o
                0x00001eb0                __vector_25
 .text.__vector_36
                0x00001f12       0x62 uart/uart.o
                0x00001f12                __vector_36
 .text.avr-libc.fplib
                0x00001f74        0xa c:/program files (x86)/atmel/studio/7.0/toolchain/avr8/avr8-gnu-toolchain/bin/../lib/gcc/avr/4.9.2/../../../../avr/lib/avr6\libm.a(fixsfsi.o)
                0x00001f74                __fixsfsi
 .text.avr-libc.fplib
                0x00001f7e       0x58 c:/program files (x86)/atmel/studio/7.0/toolchain/avr8/avr8-gnu-toolchain/bin/../lib/gcc/avr/4.9.2/../../../../avr/lib/avr6\libm.a(fixunssfsi.o)
                0x00001f7e                __fixunssfsi
 .text.avr-libc.fplib
                0x00001fd6       0x7a c:/program files (x86)/atmel/studio/7.0/toolchain/avr8/avr8-gnu-toolchain/bin/../lib/gcc/avr/4.9.2/../../../../avr/lib/avr6\libm.a(floatsisf.o)
                0x00001fd6                __floatunsisf
                0x00001fda                __floatsisf
 .text.avr-libc.fplib
                0x00002050       0x44 c:/program files (x86)/atmel/studio/7.0/toolchain/avr8/avr8-gnu-toolchain/bin/../lib/gcc/avr/4.9.2/../../../../avr/lib/avr6\libm.a(fp_split3.o)
                0x00002050                __fp_split3
                0x00002060                __fp_splitA
 .text.avr-libc.fplib
                0x00002094        0xe c:/program files (x86)/atmel/studio/7.0/toolchain/avr8/avr8-gnu-toolchain/bin/../lib/gcc/avr/4.9.2/../../../../avr/lib/avr6\libm.a(fp_zero.o)
                0x00002094                __fp_zero
                0x00002096                __fp_szero
 .text.avr-libc.fplib
                0x000020a2        0x4 c:/program files (x86)/atmel/studio/7.0/toolchain/avr8/avr8-gnu-toolchain/bin/../lib/gcc/avr/4.9.2/../../../../avr/lib/avr6\libm.a(mulsf3.o)
                0x000020a2                __mulsf3
 .text.avr-libc.fplib
                0x000020a6       0xc2 c:/program files (x86)/atmel/studio/7.0/toolchain/avr8/avr8-gnu-toolchain/bin/../lib/gcc/avr/4.9.2/../../../../avr/lib/avr6\libm.a(mulsf3x.o)
                0x000020ba                __mulsf3x
                0x000020be                __mulsf3_pse
 .text.avr-libc.fplib
                0x00002168        0xc c:/program files (x86)/atmel/studio/7.0/toolchain/avr8/avr8-gnu-toolchain/bin/../lib/gcc/avr/4.9.2/../../../../avr/lib/avr6\libm.a(fp_inf.o)
                0x00002168                __fp_inf
 .text.avr-libc.fplib
                0x00002174        0x6 c:/program files (x86)/atmel/studio/7.0/toolchain/avr8/avr8-gnu-toolchain/bin/../lib/gcc/avr/4.9.2/../../../../avr/lib/avr6\libm.a(fp_nan.o)
                0x00002174                __fp_nan
 .text.avr-libc.fplib
                0x0000217a        0xe c:/program files (x86)/atmel/studio/7.0/toolchain/avr8/avr8-gnu-toolchain/bin/../lib/gcc/avr/4.9.2/../../../../avr/lib/avr6\libm.a(fp_pscA.o)
                0x0000217a                __fp_pscA
 .text.avr-libc.fplib
                0x00002188        0xe c:/program files (x86)/atmel/studio/7.0/toolchain/avr8/avr8-gnu-toolchain/bin/../lib/gcc/avr/4.9.2/../../../../avr/lib/avr6\libm.a(fp_pscB.o)
                0x00002188                __fp_pscB
 .text.avr-libc.fplib
                0x00002196       0x22 c:/program files (x86)/atmel/studio/7.0/toolchain/avr8/avr8-gnu-toolchain/bin/../lib/gcc/avr/4.9.2/../../../../avr/lib/avr6\libm.a(fp_round.o)
                0x00002196                __fp_round
 .text.libgcc.div
                0x000021b8       0x28 c:/program files (x86)/atmel/studio/7.0/toolchain/avr8/avr8-gnu-toolchain/bin/../lib/gcc/avr/4.9.2/avr6\libgcc.a(_udivmodhi4.o)
                0x000021b8                __udivmodhi4
 .text.libgcc.div
                0x000021e0       0x26 c:/program files (x86)/atmel/studio/7.0/toolchain/avr8/avr8-gnu-toolchain/bin/../lib/gcc/avr/4.9.2/avr6\libgcc.a(_divmodhi4.o)
                0x000021e0                _div
                0x000021e0                __divmodhi4
 .text.libgcc   0x00002206       0x10 c:/program files (x86)/atmel/studio/7.0/toolchain/avr8/avr8-gnu-toolchain/bin/../lib/gcc/avr/4.9.2/avr6\libgcc.a(_tablejump2.o)
                0x00002206                __tablejump2__
                0x00002216                . = ALIGN (0x2)
 *(.fini9)
 .fini9         0x00002216        0x0 c:/program files (x86)/atmel/studio/7.0/toolchain/avr8/avr8-gnu-toolchain/bin/../lib/gcc/avr/4.9.2/avr6\libgcc.a(_exit.o)
                0x00002216                _exit
                0x00002216                exit
 *(.fini9)
 *(.fini8)
 *(.fini8)
 *(.fini7)
 *(.fini7)
 *(.fini6)
 *(.fini6)
 *(.fini5)
 *(.fini5)
 *(.fini4)
 *(.fini4)
 *(.fini3)
 *(.fini3)
 *(.fini2)
 *(.fini2)
 *(.fini1)
 *(.fini1)
 *(.fini0)
 .fini0         0x00002216        0x4 c:/program files (x86)/atmel/studio/7.0/toolchain/avr8/avr8-gnu-toolchain/bin/../lib/gcc/avr/4.9.2/avr6\libgcc.a(_exit.o)
 *(.fini0)
                0x0000221a                _etext = .

.data           0x00800200       0x10 load address 0x0000221a
                0x00800200                PROVIDE (__data_start, .)
 *(.data)
 *(.data*)
 .data.radius   0x00800200        0x2 main.o
                0x00800200                radius
 .data.tx_last_status
                0x00800202        0x1 radio/radio.o
                0x00800202                tx_last_status
 .data.tx_history
                0x00800203        0x2 radio/radio.o
                0x00800203                tx_history
 .data.rx_pipe0_address
                0x00800205        0x5 radio/radio.o
                0x00800205                rx_pipe0_address
 .data.rx_pipe_widths
                0x0080020a        0x6 radio/radio.o
                0x0080020a                rx_pipe_widths
 *(.rodata)
 *(.rodata*)
 *(.gnu.linkonce.d*)
                0x00800210                . = ALIGN (0x2)
                0x00800210                _edata = .
                0x00800210                PROVIDE (__data_end, .)

.bss            0x00800210     0x1315
                0x00800210                PROVIDE (__bss_start, .)
 *(.bss)
 *(.bss*)
 .bss.rxflag    0x00800210        0x1 control.o
                0x00800210                rxflag
 .bss.velocity  0x00800211        0x2 main.o
                0x00800211                velocity
 .bss.WQCount   0x00800213        0x2 os.o
                0x00800213                WQCount
 .bss.SQCount   0x00800215        0x2 os.o
                0x00800215                SQCount
 .bss.RQCount   0x00800217        0x2 os.o
                0x00800217                RQCount
 .bss.tickOverflowCount
                0x00800219        0x2 os.o
                0x00800219                tickOverflowCount
 .bss.Events    0x0080021b        0x2 os.o
 .bss.Mutexes   0x0080021d        0x2 os.o
 .bss.pCount    0x0080021f        0x2 os.o
 .bss.Tasks     0x00800221        0x2 os.o
 .bss.KernelActive
                0x00800223        0x2 os.o
 .bss.Cp        0x00800225        0x2 os.o
 .bss.Event     0x00800227       0x28 os.o
 .bss.Mutex     0x0080024f       0x38 os.o
 .bss.Process   0x00800287     0x11e0 os.o
 .bss.uart_buffer_1_index
                0x00801467        0x1 uart/uart.o
 .bss.uart_buffer_index
                0x00801468        0x1 uart/uart.o
 .bss.uart_buffer_1
                0x00801469       0x20 uart/uart.o
 .bss.uart_buffer
                0x00801489       0x20 uart/uart.o
 *(COMMON)
 COMMON         0x008014a9       0x17 main.o
                0x008014a9                IRwalls
                0x008014aa                IdlePID
                0x008014ac                light_threshold
                0x008014ae                Auto_DrivePID
                0x008014b0                portL2_Mutex
                0x008014b2                SensePID
                0x008014b4                virtualwall
                0x008014b5                e2
                0x008014b7                portL6_Mutex
                0x008014b9                Man_DrivePID
                0x008014bb                InitPID
                0x008014bd                bumper
                0x008014be                e1
 COMMON         0x008014c0       0x64 os.o
                0x008014c0                SleepQueue
                0x008014e0                ReadyQueue
                0x00801500                CurrentSp
                0x00801502                WaitingQueue
                0x00801522                KernelSp
 COMMON         0x00801524        0x1 radio/radio.o
                0x00801524                transmit_lock
                0x00801525                PROVIDE (__bss_end, .)
                0x0000221a                __data_load_start = LOADADDR (.data)
                0x0000222a                __data_load_end = (__data_load_start + SIZEOF (.data))

.noinit         0x00801525        0x0
                0x00801525                PROVIDE (__noinit_start, .)
 *(.noinit*)
                0x00801525                PROVIDE (__noinit_end, .)
                0x00801525                _end = .
                0x00801525                PROVIDE (__heap_start, .)

.eeprom         0x00810000        0x0
 *(.eeprom*)
                0x00810000                __eeprom_end = .

.fuse
 *(.fuse)
 *(.lfuse)
 *(.hfuse)
 *(.efuse)

.lock
 *(.lock*)

.signature
 *(.signature*)

.user_signatures
 *(.user_signatures*)

.stab
 *(.stab)

.stabstr
 *(.stabstr)

.stab.excl
 *(.stab.excl)

.stab.exclstr
 *(.stab.exclstr)

.stab.index
 *(.stab.index)

.stab.indexstr
 *(.stab.indexstr)

.comment        0x00000000       0x30
 *(.comment)
 .comment       0x00000000       0x30 adc/adc.o
                                 0x31 (size before relaxing)
 .comment       0x00000030       0x31 control.o
 .comment       0x00000030       0x31 LED_Test.o
 .comment       0x00000030       0x31 main.o
 .comment       0x00000030       0x31 os.o
 .comment       0x00000030       0x31 queue.o
 .comment       0x00000030       0x31 radio/radio.o
 .comment       0x00000030       0x31 radio/spi.o
 .comment       0x00000030       0x31 roomba/roomba.o
 .comment       0x00000030       0x31 uart/uart.o

.note.gnu.avr.deviceinfo
                0x00000000       0x40
 .note.gnu.avr.deviceinfo
                0x00000000       0x40 C:/Program Files (x86)/Atmel/Studio/7.0/Packs/atmel/ATmega_DFP/1.0.90/gcc/dev/atmega2560/avr6/crtatmega2560.o

.note.gnu.build-id
 *(.note.gnu.build-id)

.debug
 *(.debug)

.line
 *(.line)

.debug_srcinfo
 *(.debug_srcinfo)

.debug_sfnames
 *(.debug_sfnames)

.debug_aranges  0x00000000      0x420
 *(.debug_aranges)
 .debug_aranges
                0x00000000       0x28 adc/adc.o
 .debug_aranges
                0x00000028       0x28 control.o
 .debug_aranges
                0x00000050       0x20 cswitch.o
 .debug_aranges
                0x00000070       0x60 LED_Test.o
 .debug_aranges
                0x000000d0       0x58 main.o
 .debug_aranges
                0x00000128       0xf0 os.o
 .debug_aranges
                0x00000218       0x58 queue.o
 .debug_aranges
                0x00000270       0x98 radio/radio.o
 .debug_aranges
                0x00000308       0x38 radio/spi.o
 .debug_aranges
                0x00000340       0x88 roomba/roomba.o
 .debug_aranges
                0x000003c8       0x58 uart/uart.o

.debug_pubnames
 *(.debug_pubnames)

.debug_info     0x00000000     0x5437
 *(.debug_info .gnu.linkonce.wi.*)
 .debug_info    0x00000000       0xb6 adc/adc.o
 .debug_info    0x000000b6      0x8e2 control.o
 .debug_info    0x00000998       0x8f cswitch.o
 .debug_info    0x00000a27      0x174 LED_Test.o
 .debug_info    0x00000b9b      0x96a main.o
 .debug_info    0x00001505     0x14e8 os.o
 .debug_info    0x000029ed      0x5f9 queue.o
 .debug_info    0x00002fe6     0x108f radio/radio.o
 .debug_info    0x00004075      0x15d radio/spi.o
 .debug_info    0x000041d2      0xfcd roomba/roomba.o
 .debug_info    0x0000519f      0x298 uart/uart.o

.debug_abbrev   0x00000000     0x1384
 *(.debug_abbrev)
 .debug_abbrev  0x00000000       0x78 adc/adc.o
 .debug_abbrev  0x00000078      0x28c control.o
 .debug_abbrev  0x00000304       0x14 cswitch.o
 .debug_abbrev  0x00000318       0x92 LED_Test.o
 .debug_abbrev  0x000003aa      0x257 main.o
 .debug_abbrev  0x00000601      0x3d5 os.o
 .debug_abbrev  0x000009d6      0x1b1 queue.o
 .debug_abbrev  0x00000b87      0x39e radio/radio.o
 .debug_abbrev  0x00000f25       0xc8 radio/spi.o
 .debug_abbrev  0x00000fed      0x278 roomba/roomba.o
 .debug_abbrev  0x00001265      0x11f uart/uart.o

.debug_line     0x00000000     0x2763
 *(.debug_line .debug_line.* .debug_line_end)
 .debug_line    0x00000000       0xe6 adc/adc.o
 .debug_line    0x000000e6      0x2a8 control.o
 .debug_line    0x0000038e       0xbb cswitch.o
 .debug_line    0x00000449      0x151 LED_Test.o
 .debug_line    0x0000059a      0x41e main.o
 .debug_line    0x000009b8      0xbef os.o
 .debug_line    0x000015a7      0x2d3 queue.o
 .debug_line    0x0000187a      0x68e radio/radio.o
 .debug_line    0x00001f08      0x146 radio/spi.o
 .debug_line    0x0000204e      0x4e5 roomba/roomba.o
 .debug_line    0x00002533      0x230 uart/uart.o

.debug_frame    0x00000000      0xab4
 *(.debug_frame)
 .debug_frame   0x00000000       0x34 adc/adc.o
 .debug_frame   0x00000034       0x34 control.o
 .debug_frame   0x00000068       0xa4 LED_Test.o
 .debug_frame   0x0000010c       0xa8 main.o
 .debug_frame   0x000001b4      0x30c os.o
 .debug_frame   0x000004c0      0x110 queue.o
 .debug_frame   0x000005d0      0x248 radio/radio.o
 .debug_frame   0x00000818       0x54 radio/spi.o
 .debug_frame   0x0000086c      0x160 roomba/roomba.o
 .debug_frame   0x000009cc       0xe8 uart/uart.o

.debug_str      0x00000000     0x1245
 *(.debug_str)
 .debug_str     0x00000000      0x16e adc/adc.o
                                0x1a2 (size before relaxing)
 .debug_str     0x0000016e      0x553 control.o
                                0x711 (size before relaxing)
 .debug_str     0x000006c1       0xaf LED_Test.o
                                0x229 (size before relaxing)
 .debug_str     0x00000770      0x177 main.o
                                0x364 (size before relaxing)
 .debug_str     0x000008e7      0x4ee os.o
                                0x764 (size before relaxing)
 .debug_str     0x00000dd5       0x28 queue.o
                                0x33b (size before relaxing)
 .debug_str     0x00000dfd      0x191 radio/radio.o
                                0x83a (size before relaxing)
 .debug_str     0x00000f8e        0xf radio/spi.o
                                0x1db (size before relaxing)
 .debug_str     0x00000f9d      0x223 roomba/roomba.o
                                0x63a (size before relaxing)
 .debug_str     0x000011c0       0x85 uart/uart.o
                                0x2b5 (size before relaxing)

.debug_loc      0x00000000     0x2a9a
 *(.debug_loc)
 .debug_loc     0x00000000       0x3d adc/adc.o
 .debug_loc     0x0000003d      0x112 control.o
 .debug_loc     0x0000014f      0x25e main.o
 .debug_loc     0x000003ad      0xc5b os.o
 .debug_loc     0x00001008      0x7bc queue.o
 .debug_loc     0x000017c4      0xa0a radio/radio.o
 .debug_loc     0x000021ce      0x105 radio/spi.o
 .debug_loc     0x000022d3      0x55f roomba/roomba.o
 .debug_loc     0x00002832      0x268 uart/uart.o

.debug_macinfo
 *(.debug_macinfo)

.debug_weaknames
 *(.debug_weaknames)

.debug_funcnames
 *(.debug_funcnames)

.debug_typenames
 *(.debug_typenames)

.debug_varnames
 *(.debug_varnames)

.debug_pubtypes
 *(.debug_pubtypes)

.debug_ranges   0x00000000      0x438
 *(.debug_ranges)
 .debug_ranges  0x00000000       0x18 adc/adc.o
 .debug_ranges  0x00000018       0x30 control.o
 .debug_ranges  0x00000048       0x50 LED_Test.o
 .debug_ranges  0x00000098       0x48 main.o
 .debug_ranges  0x000000e0      0x1a0 os.o
 .debug_ranges  0x00000280       0x48 queue.o
 .debug_ranges  0x000002c8       0x88 radio/radio.o
 .debug_ranges  0x00000350       0x28 radio/spi.o
 .debug_ranges  0x00000378       0x78 roomba/roomba.o
 .debug_ranges  0x000003f0       0x48 uart/uart.o

.debug_macro
 *(.debug_macro)
OUTPUT(roomba.elf elf32-avr)
LOAD linker stubs
